******************************************************************************
                  MSP430 Linker PC v21.6.0                     
******************************************************************************
>> Linked Thu Jul 28 13:49:28 2022

OUTPUT FILE NAME:   <OLED.out>
ENTRY POINT SYMBOL: "_c_int00_noinit_noargs"  address: 0000cdde


MEMORY CONFIGURATION

         name            origin    length      used     unused   attr    fill
----------------------  --------  ---------  --------  --------  ----  --------
  SFR                   00000000   00000010  00000000  00000010  RWIX
  PERIPHERALS_8BIT      00000010   000000f0  00000000  000000f0  RWIX
  PERIPHERALS_16BIT     00000100   00000100  00000000  00000100  RWIX
  RAM                   00000200   00000200  00000050  000001b0  RWIX
  INFOD                 00001000   00000040  00000000  00000040  RWIX
  INFOC                 00001040   00000040  00000000  00000040  RWIX
  INFOB                 00001080   00000040  00000000  00000040  RWIX
  INFOA                 000010c0   00000040  00000000  00000040  RWIX
  FLASH                 0000c000   00003fde  00000e44  0000319a  RWIX
  BSLSIGNATURE          0000ffde   00000002  00000002  00000000  RWIX  ffff 
  INT00                 0000ffe0   00000002  00000002  00000000  RWIX
  INT01                 0000ffe2   00000002  00000000  00000002  RWIX
  INT02                 0000ffe4   00000002  00000002  00000000  RWIX
  INT03                 0000ffe6   00000002  00000002  00000000  RWIX
  INT04                 0000ffe8   00000002  00000000  00000002  RWIX
  INT05                 0000ffea   00000002  00000002  00000000  RWIX
  INT06                 0000ffec   00000002  00000002  00000000  RWIX
  INT07                 0000ffee   00000002  00000002  00000000  RWIX
  INT08                 0000fff0   00000002  00000002  00000000  RWIX
  INT09                 0000fff2   00000002  00000002  00000000  RWIX
  INT10                 0000fff4   00000002  00000002  00000000  RWIX
  INT11                 0000fff6   00000002  00000002  00000000  RWIX
  INT12                 0000fff8   00000002  00000002  00000000  RWIX
  INT13                 0000fffa   00000002  00000002  00000000  RWIX
  INT14                 0000fffc   00000002  00000002  00000000  RWIX
  RESET                 0000fffe   00000002  00000002  00000000  RWIX


SECTION ALLOCATION MAP

 output                                  attributes/
section   page    origin      length       input sections
--------  ----  ----------  ----------   ----------------
.stack     0    000003b0    00000050     UNINITIALIZED
                  000003b0    00000002     rts430_eabi.lib : boot.c.obj (.stack)
                  000003b2    0000004e     --HOLE--

.cinit     0    0000c000    00000000     

.const     0    0000c000    00000844     
                  0000c000    000005f0     oled.obj (.const:.string:F8X16)
                  0000c5f0    00000228     oled.obj (.const:F6x8)
                  0000c818    0000002a     oled_main.obj (.const:.string)
                  0000c842    00000002     oled.obj (.const:.string)

.text      0    0000c844    00000600     
                  0000c844    000000de     oled.obj (.text:OLED_Init)
                  0000c922    000000c8     oled_main.obj (.text:main)
                  0000c9ea    000000b6     oled.obj (.text:OLED_ShowVI)
                  0000caa0    000000aa     oled.obj (.text:OLED_ShowChar)
                  0000cb4a    00000092     oled.obj (.text:OLED_ShowNum)
                  0000cbdc    00000044     oled.obj (.text:OLED_Clear)
                  0000cc20    00000042     oled.obj (.text:OLED_ShowString)
                  0000cc62    0000002e     oled.obj (.text:Write_IIC_Byte)
                  0000cc90    0000002e     oled.obj (.text:Write_IIC_Data)
                  0000ccbe    0000002c     oled.obj (.text:Write_IIC_Command)
                  0000ccea    0000002c     rts430_eabi.lib : asr16.asm.obj (.text)
                  0000cd16    0000002c                     : lsl16.asm.obj (.text)
                  0000cd42    00000028     oled.obj (.text:OLED_Set_Pos)
                  0000cd6a    0000001c     oled.obj (.text:Delay_1ms)
                  0000cd86    00000018     oled.obj (.text:oled_pow)
                  0000cd9e    00000016     oled.obj (.text:IIC_Start)
                  0000cdb4    00000016     rts430_eabi.lib : div16u.asm.obj (.text)
                  0000cdca    00000014     oled.obj (.text:OLED_WR_Byte)
                  0000cdde    00000014     rts430_eabi.lib : boot.c.obj (.text:_c_int00_noinit_noargs)
                  0000cdf2    00000014                     : mult16.asm.obj (.text)
                  0000ce06    00000012     oled.obj (.text:IIC_Stop)
                  0000ce18    00000010     rts430_eabi.lib : epilog.asm.obj (.text)
                  0000ce28    0000000a     oled.obj (.text:IIC_Wait_Ack)
                  0000ce32    00000008     rts430_eabi.lib : isr_trap.asm.obj (.text:_isr:__TI_ISR_TRAP)
                  0000ce3a    00000006                     : exit.c.obj (.text:abort)
                  0000ce40    00000004                     : pre_init.c.obj (.text:_system_pre_init)

.binit     0    0000c000    00000000     

.init_array 
*          0    0000c000    00000000     UNINITIALIZED

TRAPINT    0    0000ffe0    00000002     
                  0000ffe0    00000002     rts430_eabi.lib : int00.asm.obj (.int00)

PORT1      0    0000ffe4    00000002     
                  0000ffe4    00000002     rts430_eabi.lib : int02.asm.obj (.int02)

PORT2      0    0000ffe6    00000002     
                  0000ffe6    00000002     rts430_eabi.lib : int03.asm.obj (.int03)

ADC10      0    0000ffea    00000002     
                  0000ffea    00000002     rts430_eabi.lib : int05.asm.obj (.int05)

USCIAB0TX 
*          0    0000ffec    00000002     
                  0000ffec    00000002     rts430_eabi.lib : int06.asm.obj (.int06)

USCIAB0RX 
*          0    0000ffee    00000002     
                  0000ffee    00000002     rts430_eabi.lib : int07.asm.obj (.int07)

TIMER0_A1 
*          0    0000fff0    00000002     
                  0000fff0    00000002     rts430_eabi.lib : int08.asm.obj (.int08)

TIMER0_A0 
*          0    0000fff2    00000002     
                  0000fff2    00000002     rts430_eabi.lib : int09.asm.obj (.int09)

WDT        0    0000fff4    00000002     
                  0000fff4    00000002     rts430_eabi.lib : int10.asm.obj (.int10)

COMPARATORA 
*          0    0000fff6    00000002     
                  0000fff6    00000002     rts430_eabi.lib : int11.asm.obj (.int11)

TIMER1_A1 
*          0    0000fff8    00000002     
                  0000fff8    00000002     rts430_eabi.lib : int12.asm.obj (.int12)

TIMER1_A0 
*          0    0000fffa    00000002     
                  0000fffa    00000002     rts430_eabi.lib : int13.asm.obj (.int13)

NMI        0    0000fffc    00000002     
                  0000fffc    00000002     rts430_eabi.lib : int14.asm.obj (.int14)

.reset     0    0000fffe    00000002     
                  0000fffe    00000002     rts430_eabi.lib : boot.c.obj (.reset)

$fill000   0    0000ffde    00000002     
                  0000ffde    00000002     --HOLE-- [fill = ffff]

MODULE SUMMARY

       Module             code   ro data   rw data
       ------             ----   -------   -------
    .\
       oled.obj           1152   2074      0      
       oled_main.obj      200    42        0      
    +--+------------------+------+---------+---------+
       Total:             1352   2116      0      
                                                  
    D:\ti\ccs1200\ccs\tools\compiler\ti-cgt-msp430_21.6.0.LTS\lib\rts430_eabi.lib
       asr16.asm.obj      44     0         0      
       lsl16.asm.obj      44     0         0      
       boot.c.obj         20     2         0      
       div16u.asm.obj     22     0         0      
       mult16.asm.obj     20     0         0      
       epilog.asm.obj     16     0         0      
       isr_trap.asm.obj   8      0         0      
       exit.c.obj         6      0         0      
       pre_init.c.obj     4      0         0      
       int00.asm.obj      0      2         0      
       int02.asm.obj      0      2         0      
       int03.asm.obj      0      2         0      
       int05.asm.obj      0      2         0      
       int06.asm.obj      0      2         0      
       int07.asm.obj      0      2         0      
       int08.asm.obj      0      2         0      
       int09.asm.obj      0      2         0      
       int10.asm.obj      0      2         0      
       int11.asm.obj      0      2         0      
       int12.asm.obj      0      2         0      
       int13.asm.obj      0      2         0      
       int14.asm.obj      0      2         0      
    +--+------------------+------+---------+---------+
       Total:             184    28        0      
                                                  
       Stack:             0      0         80     
    +--+------------------+------+---------+---------+
       Grand Total:       1536   2144      80     


GLOBAL SYMBOLS: SORTED ALPHABETICALLY BY Name 

address   name                  
-------   ----                  
0000004a  ADC10AE0              
000001b0  ADC10CTL0             
000001b2  ADC10CTL1             
00000048  ADC10DTC0             
00000049  ADC10DTC1             
000001b4  ADC10MEM              
000001bc  ADC10SA               
00000057  BCSCTL1               
00000058  BCSCTL2               
00000053  BCSCTL3               
0000ce3a  C$$EXIT               
00000059  CACTL1                
0000005a  CACTL2                
000010fb  CALBC1_12MHZ          
000010f9  CALBC1_16MHZ          
000010ff  CALBC1_1MHZ           
000010fd  CALBC1_8MHZ           
000010fa  CALDCO_12MHZ          
000010f8  CALDCO_16MHZ          
000010fe  CALDCO_1MHZ           
000010fc  CALDCO_8MHZ           
0000005b  CAPD                  
00000056  DCOCTL                
0000cd6a  Delay_1ms             
0000c5f0  F6x8                  
0000c000  F8X16                 
00000128  FCTL1                 
0000012a  FCTL2                 
0000012c  FCTL3                 
00000000  IE1                   
00000001  IE2                   
00000002  IFG1                  
00000003  IFG2                  
0000cd9e  IIC_Start             
0000ce06  IIC_Stop              
0000ce28  IIC_Wait_Ack          
0000cbdc  OLED_Clear            
0000c844  OLED_Init             
0000cd42  OLED_Set_Pos          
0000caa0  OLED_ShowChar         
0000cb4a  OLED_ShowNum          
0000cc20  OLED_ShowString       
0000c9ea  OLED_ShowVI           
0000cdca  OLED_WR_Byte          
00000022  P1DIR                 
00000025  P1IE                  
00000024  P1IES                 
00000023  P1IFG                 
00000020  P1IN                  
00000021  P1OUT                 
00000027  P1REN                 
00000026  P1SEL                 
00000041  P1SEL2                
0000002a  P2DIR                 
0000002d  P2IE                  
0000002c  P2IES                 
0000002b  P2IFG                 
00000028  P2IN                  
00000029  P2OUT                 
0000002f  P2REN                 
0000002e  P2SEL                 
00000042  P2SEL2                
0000001a  P3DIR                 
00000018  P3IN                  
00000019  P3OUT                 
00000010  P3REN                 
0000001b  P3SEL                 
00000043  P3SEL2                
00000172  TA0CCR0               
00000174  TA0CCR1               
00000176  TA0CCR2               
00000162  TA0CCTL0              
00000164  TA0CCTL1              
00000166  TA0CCTL2              
00000160  TA0CTL                
0000012e  TA0IV                 
00000170  TA0R                  
00000192  TA1CCR0               
00000194  TA1CCR1               
00000196  TA1CCR2               
00000182  TA1CCTL0              
00000184  TA1CCTL1              
00000186  TA1CCTL2              
00000180  TA1CTL                
0000011e  TA1IV                 
00000190  TA1R                  
000010db  TLV_ADC10_1_LEN       
000010da  TLV_ADC10_1_TAG       
000010c0  TLV_CHECKSUM          
000010f7  TLV_DCO_30_LEN        
000010f6  TLV_DCO_30_TAG        
0000005d  UCA0ABCTL             
00000062  UCA0BR0               
00000063  UCA0BR1               
00000060  UCA0CTL0              
00000061  UCA0CTL1              
0000005f  UCA0IRRCTL            
0000005e  UCA0IRTCTL            
00000064  UCA0MCTL              
00000066  UCA0RXBUF             
00000065  UCA0STAT              
00000067  UCA0TXBUF             
0000006a  UCB0BR0               
0000006b  UCB0BR1               
00000068  UCB0CTL0              
00000069  UCB0CTL1              
0000006c  UCB0I2CIE             
00000118  UCB0I2COA             
0000011a  UCB0I2CSA             
0000006e  UCB0RXBUF             
0000006d  UCB0STAT              
0000006f  UCB0TXBUF             
00000120  WDTCTL                
0000cc62  Write_IIC_Byte        
0000ccbe  Write_IIC_Command     
0000cc90  Write_IIC_Data        
00000400  __STACK_END           
00000050  __STACK_SIZE          
0000c000  __TI_CINIT_Base       
0000c000  __TI_CINIT_Limit      
0000c000  __TI_CINIT_Warm       
0000ce32  __TI_ISR_TRAP         
0000ffe0  __TI_int00            
0000ffe4  __TI_int02            
0000ffe6  __TI_int03            
0000ffea  __TI_int05            
0000ffec  __TI_int06            
0000ffee  __TI_int07            
0000fff0  __TI_int08            
0000fff2  __TI_int09            
0000fff4  __TI_int10            
0000fff6  __TI_int11            
0000fff8  __TI_int12            
0000fffa  __TI_int13            
0000fffc  __TI_int14            
ffffffff  __TI_pprof_out_hndl   
ffffffff  __TI_prof_data_size   
ffffffff  __TI_prof_data_start  
ffffffff  __c_args__            
0000cdb4  __mspabi_divu         
0000ce24  __mspabi_func_epilog_1
0000ce22  __mspabi_func_epilog_2
0000ce20  __mspabi_func_epilog_3
0000ce1e  __mspabi_func_epilog_4
0000ce1c  __mspabi_func_epilog_5
0000ce1a  __mspabi_func_epilog_6
0000ce18  __mspabi_func_epilog_7
0000cdf2  __mspabi_mpyi         
0000cdf2  __mspabi_mpyi_sw      
0000cdb4  __mspabi_remu         
0000cd16  __mspabi_slli         
0000cd3e  __mspabi_slli_1       
0000cd2c  __mspabi_slli_10      
0000cd2a  __mspabi_slli_11      
0000cd28  __mspabi_slli_12      
0000cd26  __mspabi_slli_13      
0000cd24  __mspabi_slli_14      
0000cd22  __mspabi_slli_15      
0000cd3c  __mspabi_slli_2       
0000cd3a  __mspabi_slli_3       
0000cd38  __mspabi_slli_4       
0000cd36  __mspabi_slli_5       
0000cd34  __mspabi_slli_6       
0000cd32  __mspabi_slli_7       
0000cd30  __mspabi_slli_8       
0000cd2e  __mspabi_slli_9       
0000ccea  __mspabi_srai         
0000cd12  __mspabi_srai_1       
0000cd00  __mspabi_srai_10      
0000ccfe  __mspabi_srai_11      
0000ccfc  __mspabi_srai_12      
0000ccfa  __mspabi_srai_13      
0000ccf8  __mspabi_srai_14      
0000ccf6  __mspabi_srai_15      
0000cd10  __mspabi_srai_2       
0000cd0e  __mspabi_srai_3       
0000cd0c  __mspabi_srai_4       
0000cd0a  __mspabi_srai_5       
0000cd08  __mspabi_srai_6       
0000cd06  __mspabi_srai_7       
0000cd04  __mspabi_srai_8       
0000cd02  __mspabi_srai_9       
0000cdde  _c_int00_noinit_noargs
0000fffe  _reset_vector         
000003b0  _stack                
0000ce40  _system_pre_init      
0000ce3a  abort                 
0000c922  main                  
0000cd86  oled_pow              


GLOBAL SYMBOLS: SORTED BY Symbol Address 

address   name                  
-------   ----                  
00000000  IE1                   
00000001  IE2                   
00000002  IFG1                  
00000003  IFG2                  
00000010  P3REN                 
00000018  P3IN                  
00000019  P3OUT                 
0000001a  P3DIR                 
0000001b  P3SEL                 
00000020  P1IN                  
00000021  P1OUT                 
00000022  P1DIR                 
00000023  P1IFG                 
00000024  P1IES                 
00000025  P1IE                  
00000026  P1SEL                 
00000027  P1REN                 
00000028  P2IN                  
00000029  P2OUT                 
0000002a  P2DIR                 
0000002b  P2IFG                 
0000002c  P2IES                 
0000002d  P2IE                  
0000002e  P2SEL                 
0000002f  P2REN                 
00000041  P1SEL2                
00000042  P2SEL2                
00000043  P3SEL2                
00000048  ADC10DTC0             
00000049  ADC10DTC1             
0000004a  ADC10AE0              
00000050  __STACK_SIZE          
00000053  BCSCTL3               
00000056  DCOCTL                
00000057  BCSCTL1               
00000058  BCSCTL2               
00000059  CACTL1                
0000005a  CACTL2                
0000005b  CAPD                  
0000005d  UCA0ABCTL             
0000005e  UCA0IRTCTL            
0000005f  UCA0IRRCTL            
00000060  UCA0CTL0              
00000061  UCA0CTL1              
00000062  UCA0BR0               
00000063  UCA0BR1               
00000064  UCA0MCTL              
00000065  UCA0STAT              
00000066  UCA0RXBUF             
00000067  UCA0TXBUF             
00000068  UCB0CTL0              
00000069  UCB0CTL1              
0000006a  UCB0BR0               
0000006b  UCB0BR1               
0000006c  UCB0I2CIE             
0000006d  UCB0STAT              
0000006e  UCB0RXBUF             
0000006f  UCB0TXBUF             
00000118  UCB0I2COA             
0000011a  UCB0I2CSA             
0000011e  TA1IV                 
00000120  WDTCTL                
00000128  FCTL1                 
0000012a  FCTL2                 
0000012c  FCTL3                 
0000012e  TA0IV                 
00000160  TA0CTL                
00000162  TA0CCTL0              
00000164  TA0CCTL1              
00000166  TA0CCTL2              
00000170  TA0R                  
00000172  TA0CCR0               
00000174  TA0CCR1               
00000176  TA0CCR2               
00000180  TA1CTL                
00000182  TA1CCTL0              
00000184  TA1CCTL1              
00000186  TA1CCTL2              
00000190  TA1R                  
00000192  TA1CCR0               
00000194  TA1CCR1               
00000196  TA1CCR2               
000001b0  ADC10CTL0             
000001b2  ADC10CTL1             
000001b4  ADC10MEM              
000001bc  ADC10SA               
000003b0  _stack                
00000400  __STACK_END           
000010c0  TLV_CHECKSUM          
000010da  TLV_ADC10_1_TAG       
000010db  TLV_ADC10_1_LEN       
000010f6  TLV_DCO_30_TAG        
000010f7  TLV_DCO_30_LEN        
000010f8  CALDCO_16MHZ          
000010f9  CALBC1_16MHZ          
000010fa  CALDCO_12MHZ          
000010fb  CALBC1_12MHZ          
000010fc  CALDCO_8MHZ           
000010fd  CALBC1_8MHZ           
000010fe  CALDCO_1MHZ           
000010ff  CALBC1_1MHZ           
0000c000  F8X16                 
0000c000  __TI_CINIT_Base       
0000c000  __TI_CINIT_Limit      
0000c000  __TI_CINIT_Warm       
0000c5f0  F6x8                  
0000c844  OLED_Init             
0000c922  main                  
0000c9ea  OLED_ShowVI           
0000caa0  OLED_ShowChar         
0000cb4a  OLED_ShowNum          
0000cbdc  OLED_Clear            
0000cc20  OLED_ShowString       
0000cc62  Write_IIC_Byte        
0000cc90  Write_IIC_Data        
0000ccbe  Write_IIC_Command     
0000ccea  __mspabi_srai         
0000ccf6  __mspabi_srai_15      
0000ccf8  __mspabi_srai_14      
0000ccfa  __mspabi_srai_13      
0000ccfc  __mspabi_srai_12      
0000ccfe  __mspabi_srai_11      
0000cd00  __mspabi_srai_10      
0000cd02  __mspabi_srai_9       
0000cd04  __mspabi_srai_8       
0000cd06  __mspabi_srai_7       
0000cd08  __mspabi_srai_6       
0000cd0a  __mspabi_srai_5       
0000cd0c  __mspabi_srai_4       
0000cd0e  __mspabi_srai_3       
0000cd10  __mspabi_srai_2       
0000cd12  __mspabi_srai_1       
0000cd16  __mspabi_slli         
0000cd22  __mspabi_slli_15      
0000cd24  __mspabi_slli_14      
0000cd26  __mspabi_slli_13      
0000cd28  __mspabi_slli_12      
0000cd2a  __mspabi_slli_11      
0000cd2c  __mspabi_slli_10      
0000cd2e  __mspabi_slli_9       
0000cd30  __mspabi_slli_8       
0000cd32  __mspabi_slli_7       
0000cd34  __mspabi_slli_6       
0000cd36  __mspabi_slli_5       
0000cd38  __mspabi_slli_4       
0000cd3a  __mspabi_slli_3       
0000cd3c  __mspabi_slli_2       
0000cd3e  __mspabi_slli_1       
0000cd42  OLED_Set_Pos          
0000cd6a  Delay_1ms             
0000cd86  oled_pow              
0000cd9e  IIC_Start             
0000cdb4  __mspabi_divu         
0000cdb4  __mspabi_remu         
0000cdca  OLED_WR_Byte          
0000cdde  _c_int00_noinit_noargs
0000cdf2  __mspabi_mpyi         
0000cdf2  __mspabi_mpyi_sw      
0000ce06  IIC_Stop              
0000ce18  __mspabi_func_epilog_7
0000ce1a  __mspabi_func_epilog_6
0000ce1c  __mspabi_func_epilog_5
0000ce1e  __mspabi_func_epilog_4
0000ce20  __mspabi_func_epilog_3
0000ce22  __mspabi_func_epilog_2
0000ce24  __mspabi_func_epilog_1
0000ce28  IIC_Wait_Ack          
0000ce32  __TI_ISR_TRAP         
0000ce3a  C$$EXIT               
0000ce3a  abort                 
0000ce40  _system_pre_init      
0000ffe0  __TI_int00            
0000ffe4  __TI_int02            
0000ffe6  __TI_int03            
0000ffea  __TI_int05            
0000ffec  __TI_int06            
0000ffee  __TI_int07            
0000fff0  __TI_int08            
0000fff2  __TI_int09            
0000fff4  __TI_int10            
0000fff6  __TI_int11            
0000fff8  __TI_int12            
0000fffa  __TI_int13            
0000fffc  __TI_int14            
0000fffe  _reset_vector         
ffffffff  __TI_pprof_out_hndl   
ffffffff  __TI_prof_data_size   
ffffffff  __TI_prof_data_start  
ffffffff  __c_args__            

[189 symbols]
