******************************************************************************
                  MSP430 Linker PC v21.6.0                     
******************************************************************************
>> Linked Thu Jul 28 15:27:07 2022

OUTPUT FILE NAME:   <chaoshengbo.out>
ENTRY POINT SYMBOL: "_c_int00_noargs"  address: 0000df40


MEMORY CONFIGURATION

         name            origin    length      used     unused   attr    fill
----------------------  --------  ---------  --------  --------  ----  --------
  SFR                   00000000   00000010  00000000  00000010  RWIX
  PERIPHERALS_8BIT      00000010   000000f0  00000000  000000f0  RWIX
  PERIPHERALS_16BIT     00000100   00000100  00000000  00000100  RWIX
  RAM                   00000200   00000200  00000058  000001a8  RWIX
  INFOD                 00001000   00000040  00000000  00000040  RWIX
  INFOC                 00001040   00000040  00000000  00000040  RWIX
  INFOB                 00001080   00000040  00000000  00000040  RWIX
  INFOA                 000010c0   00000040  00000000  00000040  RWIX
  FLASH                 0000c000   00003fde  0000285c  00001782  RWIX
  BSLSIGNATURE          0000ffde   00000002  00000002  00000000  RWIX  ffff 
  INT00                 0000ffe0   00000002  00000002  00000000  RWIX
  INT01                 0000ffe2   00000002  00000000  00000002  RWIX
  INT02                 0000ffe4   00000002  00000002  00000000  RWIX
  INT03                 0000ffe6   00000002  00000002  00000000  RWIX
  INT04                 0000ffe8   00000002  00000000  00000002  RWIX
  INT05                 0000ffea   00000002  00000002  00000000  RWIX
  INT06                 0000ffec   00000002  00000002  00000000  RWIX
  INT07                 0000ffee   00000002  00000002  00000000  RWIX
  INT08                 0000fff0   00000002  00000002  00000000  RWIX
  INT09                 0000fff2   00000002  00000002  00000000  RWIX
  INT10                 0000fff4   00000002  00000002  00000000  RWIX
  INT11                 0000fff6   00000002  00000002  00000000  RWIX
  INT12                 0000fff8   00000002  00000002  00000000  RWIX
  INT13                 0000fffa   00000002  00000002  00000000  RWIX
  INT14                 0000fffc   00000002  00000002  00000000  RWIX
  RESET                 0000fffe   00000002  00000002  00000000  RWIX


SECTION ALLOCATION MAP

 output                                  attributes/
section   page    origin      length       input sections
--------  ----  ----------  ----------   ----------------
.bss       0    00000200    00000008     UNINITIALIZED
                  00000200    00000004     (.common:distance)
                  00000204    00000002     (.common:succeed_flag)
                  00000206    00000002     (.common:times)

.stack     0    000003b0    00000050     UNINITIALIZED
                  000003b0    00000002     rts430_eabi.lib : boot.c.obj (.stack)
                  000003b2    0000004e     --HOLE--

.text      0    0000c000    0000202a     
                  0000c000    00000736     rts430_eabi.lib : addd.c.obj (.text:__mspabi_addd)
                  0000c736    00000478                     : frcdivd.c.obj (.text:__TI_frcdivd)
                  0000cbae    000002c0                     : mpyd.c.obj (.text:__mspabi_mpyd)
                  0000ce6e    00000238                     : divd.c.obj (.text:__mspabi_divd)
                  0000d0a6    00000172                     : frcmpyd.c.obj (.text:__TI_frcmpyd)
                  0000d218    00000114                     : mult64.asm.obj (.text:__mpyll)
                  0000d32c    00000104     chao_main.obj (.text:main)
                  0000d430    000000de     oledshow.obj (.text:OLED_Init)
                  0000d50e    000000b4     rts430_eabi.lib : cvtdf.c.obj (.text:__mspabi_cvtdf)
                  0000d5c2    000000b0     chao_main.obj (.text:zheng)
                  0000d672    000000ac     rts430_eabi.lib : fltlid.c.obj (.text:__mspabi_fltlid)
                  0000d71e    000000aa     oledshow.obj (.text:OLED_ShowChar)
                  0000d7c8    00000072     rts430_eabi.lib : fixdli.c.obj (.text:__mspabi_fixdli)
                  0000d83a    00000072     chao_main.obj (.text:result)
                  0000d8ac    00000070     rts430_eabi.lib : cvtfd.c.obj (.text:__mspabi_cvtfd)
                  0000d91c    0000005c                     : lsr32.asm.obj (.text:l_lsr_const)
                  0000d978    00000058                     : div32u.asm.obj (.text)
                  0000d9d0    00000054     chao_main.obj (.text:xiao)
                  0000da24    0000004c     rts430_eabi.lib : lsr16.asm.obj (.text)
                  0000da70    0000004a                     : asr64.c.obj (.text:__mspabi_srall)
                  0000daba    0000004a                     : fs_cmp.asm.obj (.text)
                  0000db04    00000046                     : lsr64.c.obj (.text:__mspabi_srlll)
                  0000db4a    00000044     oledshow.obj (.text:OLED_Clear)
                  0000db8e    00000044     rts430_eabi.lib : lsl64.c.obj (.text:__mspabi_sllll)
                  0000dbd2    00000042     oledshow.obj (.text:OLED_ShowString)
                  0000dc14    00000042     rts430_eabi.lib : autoinit.c.obj (.text:__TI_auto_init_nobinit_nopinit:__TI_auto_init_nobinit_nopinit)
                  0000dc56    00000040                     : div32s.asm.obj (.text)
                  0000dc96    0000003e     chao_main.obj (.text:Port_1)
                  0000dcd4    0000003e     rts430_eabi.lib : asr32.asm.obj (.text:l_asr_const)
                  0000dd12    0000003e                     : lsl32.asm.obj (.text:l_lsl_const)
                  0000dd50    0000002e     oledshow.obj (.text:Write_IIC_Byte)
                  0000dd7e    0000002e     oledshow.obj (.text:Write_IIC_Data)
                  0000ddac    0000002e     rts430_eabi.lib : subd.c.obj (.text:__mspabi_subd)
                  0000ddda    0000002c     oledshow.obj (.text:Write_IIC_Command)
                  0000de06    0000002c     rts430_eabi.lib : asr16.asm.obj (.text)
                  0000de32    0000002c                     : div16s.asm.obj (.text)
                  0000de5e    0000002c                     : lsl16.asm.obj (.text)
                  0000de8a    00000028     oledshow.obj (.text:OLED_Set_Pos)
                  0000deb2    00000028     rts430_eabi.lib : fixdi.c.obj (.text:__mspabi_fixdi)
                  0000deda    00000026                     : mult32.asm.obj (.text)
                  0000df00    00000022                     : mult1632.asm.obj (.text:__mpyul)
                  0000df22    0000001e                     : mult3264.asm.obj (.text:__mpyull)
                  0000df40    0000001c                     : boot.c.obj (.text:_c_int00_noargs)
                  0000df5c    00000016     oledshow.obj (.text:IIC_Start)
                  0000df72    00000016     rts430_eabi.lib : div16u.asm.obj (.text)
                  0000df88    00000014     oledshow.obj (.text:OLED_WR_Byte)
                  0000df9c    00000014     rts430_eabi.lib : copy_zero_init.c.obj (.text:decompress:ZI:__TI_zero_init_nomemset:__TI_zero_init_nomemset)
                  0000dfb0    00000014                     : mult16.asm.obj (.text)
                  0000dfc4    00000012     oledshow.obj (.text:IIC_Stop)
                  0000dfd6    00000012     chao_main.obj (.text:delay_nus)
                  0000dfe8    00000012     rts430_eabi.lib : lsr32.asm.obj (.text:l_lsr)
                  0000dffa    00000010                     : epilog.asm.obj (.text)
                  0000e00a    0000000a     oledshow.obj (.text:IIC_Wait_Ack)
                  0000e014    00000008     rts430_eabi.lib : isr_trap.asm.obj (.text:_isr:__TI_ISR_TRAP)
                  0000e01c    00000006                     : exit.c.obj (.text:abort)
                  0000e022    00000004                     : pre_init.c.obj (.text:_system_pre_init)
                  0000e026    00000002                     : startup.c.obj (.text:_system_post_cinit)
                  0000e028    00000002     chao_main.obj (.text:delay_1us)

.const     0    0000e02a    00000828     
                  0000e02a    000005f0     oledshow.obj (.const:.string:F8X16)
                  0000e61a    00000228     oledshow.obj (.const:F6x8)
                  0000e842    00000010     chao_main.obj (.const:.string)

.cinit     0    0000e852    0000000a     
                  0000e852    00000004     (.cinit..bss.load) [load image, compression = zero_init]
                  0000e856    00000002     (__TI_handler_table)
                  0000e858    00000004     (__TI_cinit_table)

.binit     0    0000c000    00000000     

.init_array 
*          0    0000c000    00000000     UNINITIALIZED

TRAPINT    0    0000ffe0    00000002     
                  0000ffe0    00000002     rts430_eabi.lib : int00.asm.obj (.int00)

PORT1      0    0000ffe4    00000002     
                  0000ffe4    00000002     chao_main.obj (.int02)

PORT2      0    0000ffe6    00000002     
                  0000ffe6    00000002     rts430_eabi.lib : int03.asm.obj (.int03)

ADC10      0    0000ffea    00000002     
                  0000ffea    00000002     rts430_eabi.lib : int05.asm.obj (.int05)

USCIAB0TX 
*          0    0000ffec    00000002     
                  0000ffec    00000002     rts430_eabi.lib : int06.asm.obj (.int06)

USCIAB0RX 
*          0    0000ffee    00000002     
                  0000ffee    00000002     rts430_eabi.lib : int07.asm.obj (.int07)

TIMER0_A1 
*          0    0000fff0    00000002     
                  0000fff0    00000002     rts430_eabi.lib : int08.asm.obj (.int08)

TIMER0_A0 
*          0    0000fff2    00000002     
                  0000fff2    00000002     rts430_eabi.lib : int09.asm.obj (.int09)

WDT        0    0000fff4    00000002     
                  0000fff4    00000002     rts430_eabi.lib : int10.asm.obj (.int10)

COMPARATORA 
*          0    0000fff6    00000002     
                  0000fff6    00000002     rts430_eabi.lib : int11.asm.obj (.int11)

TIMER1_A1 
*          0    0000fff8    00000002     
                  0000fff8    00000002     rts430_eabi.lib : int12.asm.obj (.int12)

TIMER1_A0 
*          0    0000fffa    00000002     
                  0000fffa    00000002     rts430_eabi.lib : int13.asm.obj (.int13)

NMI        0    0000fffc    00000002     
                  0000fffc    00000002     rts430_eabi.lib : int14.asm.obj (.int14)

.reset     0    0000fffe    00000002     
                  0000fffe    00000002     rts430_eabi.lib : boot.c.obj (.reset)

$fill000   0    0000ffde    00000002     
                  0000ffde    00000002     --HOLE-- [fill = ffff]

MODULE SUMMARY

       Module                 code   ro data   rw data
       ------                 ----   -------   -------
    .\
       oledshow.obj           772    2072      0      
       chao_main.obj          716    18        8      
    +--+----------------------+------+---------+---------+
       Total:                 1488   2090      8      
                                                      
    D:\ti\ccs1200\ccs\tools\compiler\ti-cgt-msp430_21.6.0.LTS\lib\rts430_eabi.lib
       addd.c.obj             1846   0         0      
       frcdivd.c.obj          1144   0         0      
       mpyd.c.obj             704    0         0      
       divd.c.obj             568    0         0      
       frcmpyd.c.obj          370    0         0      
       mult64.asm.obj         276    0         0      
       cvtdf.c.obj            180    0         0      
       fltlid.c.obj           172    0         0      
       fixdli.c.obj           114    0         0      
       cvtfd.c.obj            112    0         0      
       lsr32.asm.obj          110    0         0      
       div32u.asm.obj         88     0         0      
       lsr16.asm.obj          76     0         0      
       asr64.c.obj            74     0         0      
       fs_cmp.asm.obj         74     0         0      
       lsr64.c.obj            70     0         0      
       lsl64.c.obj            68     0         0      
       autoinit.c.obj         66     0         0      
       div32s.asm.obj         64     0         0      
       asr32.asm.obj          62     0         0      
       lsl32.asm.obj          62     0         0      
       subd.c.obj             46     0         0      
       asr16.asm.obj          44     0         0      
       div16s.asm.obj         44     0         0      
       lsl16.asm.obj          44     0         0      
       fixdi.c.obj            40     0         0      
       mult32.asm.obj         38     0         0      
       mult1632.asm.obj       34     0         0      
       boot.c.obj             28     2         0      
       mult3264.asm.obj       30     0         0      
       div16u.asm.obj         22     0         0      
       copy_zero_init.c.obj   20     0         0      
       mult16.asm.obj         20     0         0      
       epilog.asm.obj         16     0         0      
       isr_trap.asm.obj       8      0         0      
       exit.c.obj             6      0         0      
       pre_init.c.obj         4      0         0      
       int00.asm.obj          0      2         0      
       int03.asm.obj          0      2         0      
       int05.asm.obj          0      2         0      
       int06.asm.obj          0      2         0      
       int07.asm.obj          0      2         0      
       int08.asm.obj          0      2         0      
       int09.asm.obj          0      2         0      
       int10.asm.obj          0      2         0      
       int11.asm.obj          0      2         0      
       int12.asm.obj          0      2         0      
       int13.asm.obj          0      2         0      
       int14.asm.obj          0      2         0      
       startup.c.obj          2      0         0      
    +--+----------------------+------+---------+---------+
       Total:                 6746   26        0      
                                                      
       Stack:                 0      0         80     
       Linker Generated:      0      10        0      
    +--+----------------------+------+---------+---------+
       Grand Total:           8234   2126      88     


LINKER GENERATED COPY TABLES

__TI_cinit_table @ 0000e858 records: 1, size/record: 4, table size: 4
	.bss: load addr=0000e852, load size=00000004 bytes, run addr=00000200, run size=00000008 bytes, compression=zero_init


LINKER GENERATED HANDLER TABLE

__TI_handler_table @ 0000e856 records: 1, size/record: 2, table size: 2
	index: 0, handler: __TI_zero_init


GLOBAL SYMBOLS: SORTED ALPHABETICALLY BY Name 

address   name                          
-------   ----                          
0000004a  ADC10AE0                      
000001b0  ADC10CTL0                     
000001b2  ADC10CTL1                     
00000048  ADC10DTC0                     
00000049  ADC10DTC1                     
000001b4  ADC10MEM                      
000001bc  ADC10SA                       
00000057  BCSCTL1                       
00000058  BCSCTL2                       
00000053  BCSCTL3                       
0000e01c  C$$EXIT                       
00000059  CACTL1                        
0000005a  CACTL2                        
000010fb  CALBC1_12MHZ                  
000010f9  CALBC1_16MHZ                  
000010ff  CALBC1_1MHZ                   
000010fd  CALBC1_8MHZ                   
000010fa  CALDCO_12MHZ                  
000010f8  CALDCO_16MHZ                  
000010fe  CALDCO_1MHZ                   
000010fc  CALDCO_8MHZ                   
0000005b  CAPD                          
00000056  DCOCTL                        
0000e61a  F6x8                          
0000e02a  F8X16                         
00000128  FCTL1                         
0000012a  FCTL2                         
0000012c  FCTL3                         
00000000  IE1                           
00000001  IE2                           
00000002  IFG1                          
00000003  IFG2                          
0000df5c  IIC_Start                     
0000dfc4  IIC_Stop                      
0000e00a  IIC_Wait_Ack                  
0000db4a  OLED_Clear                    
0000d430  OLED_Init                     
0000de8a  OLED_Set_Pos                  
0000d71e  OLED_ShowChar                 
0000dbd2  OLED_ShowString               
0000df88  OLED_WR_Byte                  
00000022  P1DIR                         
00000025  P1IE                          
00000024  P1IES                         
00000023  P1IFG                         
00000020  P1IN                          
00000021  P1OUT                         
00000027  P1REN                         
00000026  P1SEL                         
00000041  P1SEL2                        
0000002a  P2DIR                         
0000002d  P2IE                          
0000002c  P2IES                         
0000002b  P2IFG                         
00000028  P2IN                          
00000029  P2OUT                         
0000002f  P2REN                         
0000002e  P2SEL                         
00000042  P2SEL2                        
0000001a  P3DIR                         
00000018  P3IN                          
00000019  P3OUT                         
00000010  P3REN                         
0000001b  P3SEL                         
00000043  P3SEL2                        
0000dc96  Port_1                        
00000172  TA0CCR0                       
00000174  TA0CCR1                       
00000176  TA0CCR2                       
00000162  TA0CCTL0                      
00000164  TA0CCTL1                      
00000166  TA0CCTL2                      
00000160  TA0CTL                        
0000012e  TA0IV                         
00000170  TA0R                          
00000192  TA1CCR0                       
00000194  TA1CCR1                       
00000196  TA1CCR2                       
00000182  TA1CCTL0                      
00000184  TA1CCTL1                      
00000186  TA1CCTL2                      
00000180  TA1CTL                        
0000011e  TA1IV                         
00000190  TA1R                          
000010db  TLV_ADC10_1_LEN               
000010da  TLV_ADC10_1_TAG               
000010c0  TLV_CHECKSUM                  
000010f7  TLV_DCO_30_LEN                
000010f6  TLV_DCO_30_TAG                
0000005d  UCA0ABCTL                     
00000062  UCA0BR0                       
00000063  UCA0BR1                       
00000060  UCA0CTL0                      
00000061  UCA0CTL1                      
0000005f  UCA0IRRCTL                    
0000005e  UCA0IRTCTL                    
00000064  UCA0MCTL                      
00000066  UCA0RXBUF                     
00000065  UCA0STAT                      
00000067  UCA0TXBUF                     
0000006a  UCB0BR0                       
0000006b  UCB0BR1                       
00000068  UCB0CTL0                      
00000069  UCB0CTL1                      
0000006c  UCB0I2CIE                     
00000118  UCB0I2COA                     
0000011a  UCB0I2CSA                     
0000006e  UCB0RXBUF                     
0000006d  UCB0STAT                      
0000006f  UCB0TXBUF                     
00000120  WDTCTL                        
0000dd50  Write_IIC_Byte                
0000ddda  Write_IIC_Command             
0000dd7e  Write_IIC_Data                
00000400  __STACK_END                   
00000050  __STACK_SIZE                  
0000e858  __TI_CINIT_Base               
0000e85c  __TI_CINIT_Limit              
0000e85c  __TI_CINIT_Warm               
0000e856  __TI_Handler_Table_Base       
0000e858  __TI_Handler_Table_Limit      
0000e014  __TI_ISR_TRAP                 
0000dc14  __TI_auto_init_nobinit_nopinit
0000c736  __TI_frcdivd                  
0000d0a6  __TI_frcmpyd                  
0000ffe0  __TI_int00                    
0000ffe4  __TI_int02                    
0000ffe6  __TI_int03                    
0000ffea  __TI_int05                    
0000ffec  __TI_int06                    
0000ffee  __TI_int07                    
0000fff0  __TI_int08                    
0000fff2  __TI_int09                    
0000fff4  __TI_int10                    
0000fff6  __TI_int11                    
0000fff8  __TI_int12                    
0000fffa  __TI_int13                    
0000fffc  __TI_int14                    
ffffffff  __TI_pprof_out_hndl           
ffffffff  __TI_prof_data_size           
ffffffff  __TI_prof_data_start          
0000df9c  __TI_zero_init_nomemset       
ffffffff  __c_args__                    
0000c000  __mspabi_addd                 
0000daba  __mspabi_cmpf                 
0000d50e  __mspabi_cvtdf                
0000d8ac  __mspabi_cvtfd                
0000ce6e  __mspabi_divd                 
0000de32  __mspabi_divi                 
0000dc56  __mspabi_divli                
0000df72  __mspabi_divu                 
0000d978  __mspabi_divul                
0000deb2  __mspabi_fixdi                
0000d7c8  __mspabi_fixdli               
0000d672  __mspabi_fltlid               
0000e006  __mspabi_func_epilog_1        
0000e004  __mspabi_func_epilog_2        
0000e002  __mspabi_func_epilog_3        
0000e000  __mspabi_func_epilog_4        
0000dffe  __mspabi_func_epilog_5        
0000dffc  __mspabi_func_epilog_6        
0000dffa  __mspabi_func_epilog_7        
0000cbae  __mspabi_mpyd                 
0000dfb0  __mspabi_mpyi                 
0000dfb0  __mspabi_mpyi_sw              
0000deda  __mspabi_mpyl                 
0000deda  __mspabi_mpyl_sw              
0000d218  __mspabi_mpyll                
0000d218  __mspabi_mpyll_sw             
0000df00  __mspabi_mpyul                
0000df00  __mspabi_mpyul_sw             
0000df22  __mspabi_mpyull               
0000df22  __mspabi_mpyull_sw            
0000de32  __mspabi_remi                 
0000dc56  __mspabi_remli                
0000df72  __mspabi_remu                 
0000d978  __mspabi_remul                
0000de5e  __mspabi_slli                 
0000de86  __mspabi_slli_1               
0000de74  __mspabi_slli_10              
0000de72  __mspabi_slli_11              
0000de70  __mspabi_slli_12              
0000de6e  __mspabi_slli_13              
0000de6c  __mspabi_slli_14              
0000de6a  __mspabi_slli_15              
0000de84  __mspabi_slli_2               
0000de82  __mspabi_slli_3               
0000de80  __mspabi_slli_4               
0000de7e  __mspabi_slli_5               
0000de7c  __mspabi_slli_6               
0000de7a  __mspabi_slli_7               
0000de78  __mspabi_slli_8               
0000de76  __mspabi_slli_9               
0000dd4a  __mspabi_slll_1               
0000dd26  __mspabi_slll_10              
0000dd22  __mspabi_slll_11              
0000dd1e  __mspabi_slll_12              
0000dd1a  __mspabi_slll_13              
0000dd16  __mspabi_slll_14              
0000dd12  __mspabi_slll_15              
0000dd46  __mspabi_slll_2               
0000dd42  __mspabi_slll_3               
0000dd3e  __mspabi_slll_4               
0000dd3a  __mspabi_slll_5               
0000dd36  __mspabi_slll_6               
0000dd32  __mspabi_slll_7               
0000dd2e  __mspabi_slll_8               
0000dd2a  __mspabi_slll_9               
0000db8e  __mspabi_sllll                
0000de06  __mspabi_srai                 
0000de2e  __mspabi_srai_1               
0000de1c  __mspabi_srai_10              
0000de1a  __mspabi_srai_11              
0000de18  __mspabi_srai_12              
0000de16  __mspabi_srai_13              
0000de14  __mspabi_srai_14              
0000de12  __mspabi_srai_15              
0000de2c  __mspabi_srai_2               
0000de2a  __mspabi_srai_3               
0000de28  __mspabi_srai_4               
0000de26  __mspabi_srai_5               
0000de24  __mspabi_srai_6               
0000de22  __mspabi_srai_7               
0000de20  __mspabi_srai_8               
0000de1e  __mspabi_srai_9               
0000dd0c  __mspabi_sral_1               
0000dce8  __mspabi_sral_10              
0000dce4  __mspabi_sral_11              
0000dce0  __mspabi_sral_12              
0000dcdc  __mspabi_sral_13              
0000dcd8  __mspabi_sral_14              
0000dcd4  __mspabi_sral_15              
0000dd08  __mspabi_sral_2               
0000dd04  __mspabi_sral_3               
0000dd00  __mspabi_sral_4               
0000dcfc  __mspabi_sral_5               
0000dcf8  __mspabi_sral_6               
0000dcf4  __mspabi_sral_7               
0000dcf0  __mspabi_sral_8               
0000dcec  __mspabi_sral_9               
0000da70  __mspabi_srall                
0000da24  __mspabi_srli                 
0000da6a  __mspabi_srli_1               
0000da46  __mspabi_srli_10              
0000da42  __mspabi_srli_11              
0000da3e  __mspabi_srli_12              
0000da3a  __mspabi_srli_13              
0000da36  __mspabi_srli_14              
0000da32  __mspabi_srli_15              
0000da66  __mspabi_srli_2               
0000da62  __mspabi_srli_3               
0000da5e  __mspabi_srli_4               
0000da5a  __mspabi_srli_5               
0000da56  __mspabi_srli_6               
0000da52  __mspabi_srli_7               
0000da4e  __mspabi_srli_8               
0000da4a  __mspabi_srli_9               
0000dfe8  __mspabi_srll                 
0000d970  __mspabi_srll_1               
0000d93a  __mspabi_srll_10              
0000d934  __mspabi_srll_11              
0000d92e  __mspabi_srll_12              
0000d928  __mspabi_srll_13              
0000d922  __mspabi_srll_14              
0000d91c  __mspabi_srll_15              
0000d96a  __mspabi_srll_2               
0000d964  __mspabi_srll_3               
0000d95e  __mspabi_srll_4               
0000d958  __mspabi_srll_5               
0000d952  __mspabi_srll_6               
0000d94c  __mspabi_srll_7               
0000d946  __mspabi_srll_8               
0000d940  __mspabi_srll_9               
0000db04  __mspabi_srlll                
0000ddac  __mspabi_subd                 
0000df40  _c_int00_noargs               
0000fffe  _reset_vector                 
000003b0  _stack                        
0000e026  _system_post_cinit            
0000e022  _system_pre_init              
0000e01c  abort                         
0000e028  delay_1us                     
0000dfd6  delay_nus                     
00000200  distance                      
0000d32c  main                          
0000d83a  result                        
00000204  succeed_flag                  
00000206  times                         
0000d9d0  xiao                          
0000d5c2  zheng                         


GLOBAL SYMBOLS: SORTED BY Symbol Address 

address   name                          
-------   ----                          
00000000  IE1                           
00000001  IE2                           
00000002  IFG1                          
00000003  IFG2                          
00000010  P3REN                         
00000018  P3IN                          
00000019  P3OUT                         
0000001a  P3DIR                         
0000001b  P3SEL                         
00000020  P1IN                          
00000021  P1OUT                         
00000022  P1DIR                         
00000023  P1IFG                         
00000024  P1IES                         
00000025  P1IE                          
00000026  P1SEL                         
00000027  P1REN                         
00000028  P2IN                          
00000029  P2OUT                         
0000002a  P2DIR                         
0000002b  P2IFG                         
0000002c  P2IES                         
0000002d  P2IE                          
0000002e  P2SEL                         
0000002f  P2REN                         
00000041  P1SEL2                        
00000042  P2SEL2                        
00000043  P3SEL2                        
00000048  ADC10DTC0                     
00000049  ADC10DTC1                     
0000004a  ADC10AE0                      
00000050  __STACK_SIZE                  
00000053  BCSCTL3                       
00000056  DCOCTL                        
00000057  BCSCTL1                       
00000058  BCSCTL2                       
00000059  CACTL1                        
0000005a  CACTL2                        
0000005b  CAPD                          
0000005d  UCA0ABCTL                     
0000005e  UCA0IRTCTL                    
0000005f  UCA0IRRCTL                    
00000060  UCA0CTL0                      
00000061  UCA0CTL1                      
00000062  UCA0BR0                       
00000063  UCA0BR1                       
00000064  UCA0MCTL                      
00000065  UCA0STAT                      
00000066  UCA0RXBUF                     
00000067  UCA0TXBUF                     
00000068  UCB0CTL0                      
00000069  UCB0CTL1                      
0000006a  UCB0BR0                       
0000006b  UCB0BR1                       
0000006c  UCB0I2CIE                     
0000006d  UCB0STAT                      
0000006e  UCB0RXBUF                     
0000006f  UCB0TXBUF                     
00000118  UCB0I2COA                     
0000011a  UCB0I2CSA                     
0000011e  TA1IV                         
00000120  WDTCTL                        
00000128  FCTL1                         
0000012a  FCTL2                         
0000012c  FCTL3                         
0000012e  TA0IV                         
00000160  TA0CTL                        
00000162  TA0CCTL0                      
00000164  TA0CCTL1                      
00000166  TA0CCTL2                      
00000170  TA0R                          
00000172  TA0CCR0                       
00000174  TA0CCR1                       
00000176  TA0CCR2                       
00000180  TA1CTL                        
00000182  TA1CCTL0                      
00000184  TA1CCTL1                      
00000186  TA1CCTL2                      
00000190  TA1R                          
00000192  TA1CCR0                       
00000194  TA1CCR1                       
00000196  TA1CCR2                       
000001b0  ADC10CTL0                     
000001b2  ADC10CTL1                     
000001b4  ADC10MEM                      
000001bc  ADC10SA                       
00000200  distance                      
00000204  succeed_flag                  
00000206  times                         
000003b0  _stack                        
00000400  __STACK_END                   
000010c0  TLV_CHECKSUM                  
000010da  TLV_ADC10_1_TAG               
000010db  TLV_ADC10_1_LEN               
000010f6  TLV_DCO_30_TAG                
000010f7  TLV_DCO_30_LEN                
000010f8  CALDCO_16MHZ                  
000010f9  CALBC1_16MHZ                  
000010fa  CALDCO_12MHZ                  
000010fb  CALBC1_12MHZ                  
000010fc  CALDCO_8MHZ                   
000010fd  CALBC1_8MHZ                   
000010fe  CALDCO_1MHZ                   
000010ff  CALBC1_1MHZ                   
0000c000  __mspabi_addd                 
0000c736  __TI_frcdivd                  
0000cbae  __mspabi_mpyd                 
0000ce6e  __mspabi_divd                 
0000d0a6  __TI_frcmpyd                  
0000d218  __mspabi_mpyll                
0000d218  __mspabi_mpyll_sw             
0000d32c  main                          
0000d430  OLED_Init                     
0000d50e  __mspabi_cvtdf                
0000d5c2  zheng                         
0000d672  __mspabi_fltlid               
0000d71e  OLED_ShowChar                 
0000d7c8  __mspabi_fixdli               
0000d83a  result                        
0000d8ac  __mspabi_cvtfd                
0000d91c  __mspabi_srll_15              
0000d922  __mspabi_srll_14              
0000d928  __mspabi_srll_13              
0000d92e  __mspabi_srll_12              
0000d934  __mspabi_srll_11              
0000d93a  __mspabi_srll_10              
0000d940  __mspabi_srll_9               
0000d946  __mspabi_srll_8               
0000d94c  __mspabi_srll_7               
0000d952  __mspabi_srll_6               
0000d958  __mspabi_srll_5               
0000d95e  __mspabi_srll_4               
0000d964  __mspabi_srll_3               
0000d96a  __mspabi_srll_2               
0000d970  __mspabi_srll_1               
0000d978  __mspabi_divul                
0000d978  __mspabi_remul                
0000d9d0  xiao                          
0000da24  __mspabi_srli                 
0000da32  __mspabi_srli_15              
0000da36  __mspabi_srli_14              
0000da3a  __mspabi_srli_13              
0000da3e  __mspabi_srli_12              
0000da42  __mspabi_srli_11              
0000da46  __mspabi_srli_10              
0000da4a  __mspabi_srli_9               
0000da4e  __mspabi_srli_8               
0000da52  __mspabi_srli_7               
0000da56  __mspabi_srli_6               
0000da5a  __mspabi_srli_5               
0000da5e  __mspabi_srli_4               
0000da62  __mspabi_srli_3               
0000da66  __mspabi_srli_2               
0000da6a  __mspabi_srli_1               
0000da70  __mspabi_srall                
0000daba  __mspabi_cmpf                 
0000db04  __mspabi_srlll                
0000db4a  OLED_Clear                    
0000db8e  __mspabi_sllll                
0000dbd2  OLED_ShowString               
0000dc14  __TI_auto_init_nobinit_nopinit
0000dc56  __mspabi_divli                
0000dc56  __mspabi_remli                
0000dc96  Port_1                        
0000dcd4  __mspabi_sral_15              
0000dcd8  __mspabi_sral_14              
0000dcdc  __mspabi_sral_13              
0000dce0  __mspabi_sral_12              
0000dce4  __mspabi_sral_11              
0000dce8  __mspabi_sral_10              
0000dcec  __mspabi_sral_9               
0000dcf0  __mspabi_sral_8               
0000dcf4  __mspabi_sral_7               
0000dcf8  __mspabi_sral_6               
0000dcfc  __mspabi_sral_5               
0000dd00  __mspabi_sral_4               
0000dd04  __mspabi_sral_3               
0000dd08  __mspabi_sral_2               
0000dd0c  __mspabi_sral_1               
0000dd12  __mspabi_slll_15              
0000dd16  __mspabi_slll_14              
0000dd1a  __mspabi_slll_13              
0000dd1e  __mspabi_slll_12              
0000dd22  __mspabi_slll_11              
0000dd26  __mspabi_slll_10              
0000dd2a  __mspabi_slll_9               
0000dd2e  __mspabi_slll_8               
0000dd32  __mspabi_slll_7               
0000dd36  __mspabi_slll_6               
0000dd3a  __mspabi_slll_5               
0000dd3e  __mspabi_slll_4               
0000dd42  __mspabi_slll_3               
0000dd46  __mspabi_slll_2               
0000dd4a  __mspabi_slll_1               
0000dd50  Write_IIC_Byte                
0000dd7e  Write_IIC_Data                
0000ddac  __mspabi_subd                 
0000ddda  Write_IIC_Command             
0000de06  __mspabi_srai                 
0000de12  __mspabi_srai_15              
0000de14  __mspabi_srai_14              
0000de16  __mspabi_srai_13              
0000de18  __mspabi_srai_12              
0000de1a  __mspabi_srai_11              
0000de1c  __mspabi_srai_10              
0000de1e  __mspabi_srai_9               
0000de20  __mspabi_srai_8               
0000de22  __mspabi_srai_7               
0000de24  __mspabi_srai_6               
0000de26  __mspabi_srai_5               
0000de28  __mspabi_srai_4               
0000de2a  __mspabi_srai_3               
0000de2c  __mspabi_srai_2               
0000de2e  __mspabi_srai_1               
0000de32  __mspabi_divi                 
0000de32  __mspabi_remi                 
0000de5e  __mspabi_slli                 
0000de6a  __mspabi_slli_15              
0000de6c  __mspabi_slli_14              
0000de6e  __mspabi_slli_13              
0000de70  __mspabi_slli_12              
0000de72  __mspabi_slli_11              
0000de74  __mspabi_slli_10              
0000de76  __mspabi_slli_9               
0000de78  __mspabi_slli_8               
0000de7a  __mspabi_slli_7               
0000de7c  __mspabi_slli_6               
0000de7e  __mspabi_slli_5               
0000de80  __mspabi_slli_4               
0000de82  __mspabi_slli_3               
0000de84  __mspabi_slli_2               
0000de86  __mspabi_slli_1               
0000de8a  OLED_Set_Pos                  
0000deb2  __mspabi_fixdi                
0000deda  __mspabi_mpyl                 
0000deda  __mspabi_mpyl_sw              
0000df00  __mspabi_mpyul                
0000df00  __mspabi_mpyul_sw             
0000df22  __mspabi_mpyull               
0000df22  __mspabi_mpyull_sw            
0000df40  _c_int00_noargs               
0000df5c  IIC_Start                     
0000df72  __mspabi_divu                 
0000df72  __mspabi_remu                 
0000df88  OLED_WR_Byte                  
0000df9c  __TI_zero_init_nomemset       
0000dfb0  __mspabi_mpyi                 
0000dfb0  __mspabi_mpyi_sw              
0000dfc4  IIC_Stop                      
0000dfd6  delay_nus                     
0000dfe8  __mspabi_srll                 
0000dffa  __mspabi_func_epilog_7        
0000dffc  __mspabi_func_epilog_6        
0000dffe  __mspabi_func_epilog_5        
0000e000  __mspabi_func_epilog_4        
0000e002  __mspabi_func_epilog_3        
0000e004  __mspabi_func_epilog_2        
0000e006  __mspabi_func_epilog_1        
0000e00a  IIC_Wait_Ack                  
0000e014  __TI_ISR_TRAP                 
0000e01c  C$$EXIT                       
0000e01c  abort                         
0000e022  _system_pre_init              
0000e026  _system_post_cinit            
0000e028  delay_1us                     
0000e02a  F8X16                         
0000e61a  F6x8                          
0000e856  __TI_Handler_Table_Base       
0000e858  __TI_CINIT_Base               
0000e858  __TI_Handler_Table_Limit      
0000e85c  __TI_CINIT_Limit              
0000e85c  __TI_CINIT_Warm               
0000ffe0  __TI_int00                    
0000ffe4  __TI_int02                    
0000ffe6  __TI_int03                    
0000ffea  __TI_int05                    
0000ffec  __TI_int06                    
0000ffee  __TI_int07                    
0000fff0  __TI_int08                    
0000fff2  __TI_int09                    
0000fff4  __TI_int10                    
0000fff6  __TI_int11                    
0000fff8  __TI_int12                    
0000fffa  __TI_int13                    
0000fffc  __TI_int14                    
0000fffe  _reset_vector                 
ffffffff  __TI_pprof_out_hndl           
ffffffff  __TI_prof_data_size           
ffffffff  __TI_prof_data_start          
ffffffff  __c_args__                    

[290 symbols]
