<?xml version="1.0" encoding="ISO-8859-1" ?>
<link_info>
   <banner>MSP430 Linker PC v21.6.0.LTS</banner>
   <copyright>Copyright (c) 2003-2018 Texas Instruments Incorporated</copyright>
   <link_time>0x62e23c19</link_time>
   <link_errors>0x0</link_errors>
   <output_file>FollowCar.out</output_file>
   <entry_point>
      <name>_c_int00_noargs</name>
      <address>0xd17e</address>
   </entry_point>
   <input_file_list>
      <input_file id="fl-2">
         <path>.\</path>
         <kind>object</kind>
         <file>followChao.obj</file>
         <name>followChao.obj</name>
      </input_file>
      <input_file id="fl-3">
         <path>.\</path>
         <kind>object</kind>
         <file>follow_main.obj</file>
         <name>follow_main.obj</name>
      </input_file>
      <input_file id="fl-8">
         <kind>object</kind>
         <file>&lt;internal&gt;</file>
         <name>&lt;internal&gt;</name>
      </input_file>
      <input_file id="fl-1e">
         <path>D:\ti\ccs1200\ccs\tools\compiler\ti-cgt-msp430_21.6.0.LTS\lib\</path>
         <kind>archive</kind>
         <file>rts430_eabi.lib</file>
         <name>epilog.asm.obj</name>
      </input_file>
      <input_file id="fl-1f">
         <path>D:\ti\ccs1200\ccs\tools\compiler\ti-cgt-msp430_21.6.0.LTS\lib\</path>
         <kind>archive</kind>
         <file>rts430_eabi.lib</file>
         <name>fs_cmp.asm.obj</name>
      </input_file>
      <input_file id="fl-20">
         <path>D:\ti\ccs1200\ccs\tools\compiler\ti-cgt-msp430_21.6.0.LTS\lib\</path>
         <kind>archive</kind>
         <file>rts430_eabi.lib</file>
         <name>int00.asm.obj</name>
      </input_file>
      <input_file id="fl-21">
         <path>D:\ti\ccs1200\ccs\tools\compiler\ti-cgt-msp430_21.6.0.LTS\lib\</path>
         <kind>archive</kind>
         <file>rts430_eabi.lib</file>
         <name>int03.asm.obj</name>
      </input_file>
      <input_file id="fl-22">
         <path>D:\ti\ccs1200\ccs\tools\compiler\ti-cgt-msp430_21.6.0.LTS\lib\</path>
         <kind>archive</kind>
         <file>rts430_eabi.lib</file>
         <name>int05.asm.obj</name>
      </input_file>
      <input_file id="fl-23">
         <path>D:\ti\ccs1200\ccs\tools\compiler\ti-cgt-msp430_21.6.0.LTS\lib\</path>
         <kind>archive</kind>
         <file>rts430_eabi.lib</file>
         <name>int06.asm.obj</name>
      </input_file>
      <input_file id="fl-24">
         <path>D:\ti\ccs1200\ccs\tools\compiler\ti-cgt-msp430_21.6.0.LTS\lib\</path>
         <kind>archive</kind>
         <file>rts430_eabi.lib</file>
         <name>int07.asm.obj</name>
      </input_file>
      <input_file id="fl-25">
         <path>D:\ti\ccs1200\ccs\tools\compiler\ti-cgt-msp430_21.6.0.LTS\lib\</path>
         <kind>archive</kind>
         <file>rts430_eabi.lib</file>
         <name>int08.asm.obj</name>
      </input_file>
      <input_file id="fl-26">
         <path>D:\ti\ccs1200\ccs\tools\compiler\ti-cgt-msp430_21.6.0.LTS\lib\</path>
         <kind>archive</kind>
         <file>rts430_eabi.lib</file>
         <name>int09.asm.obj</name>
      </input_file>
      <input_file id="fl-27">
         <path>D:\ti\ccs1200\ccs\tools\compiler\ti-cgt-msp430_21.6.0.LTS\lib\</path>
         <kind>archive</kind>
         <file>rts430_eabi.lib</file>
         <name>int10.asm.obj</name>
      </input_file>
      <input_file id="fl-28">
         <path>D:\ti\ccs1200\ccs\tools\compiler\ti-cgt-msp430_21.6.0.LTS\lib\</path>
         <kind>archive</kind>
         <file>rts430_eabi.lib</file>
         <name>int11.asm.obj</name>
      </input_file>
      <input_file id="fl-29">
         <path>D:\ti\ccs1200\ccs\tools\compiler\ti-cgt-msp430_21.6.0.LTS\lib\</path>
         <kind>archive</kind>
         <file>rts430_eabi.lib</file>
         <name>int12.asm.obj</name>
      </input_file>
      <input_file id="fl-2a">
         <path>D:\ti\ccs1200\ccs\tools\compiler\ti-cgt-msp430_21.6.0.LTS\lib\</path>
         <kind>archive</kind>
         <file>rts430_eabi.lib</file>
         <name>int13.asm.obj</name>
      </input_file>
      <input_file id="fl-2b">
         <path>D:\ti\ccs1200\ccs\tools\compiler\ti-cgt-msp430_21.6.0.LTS\lib\</path>
         <kind>archive</kind>
         <file>rts430_eabi.lib</file>
         <name>int14.asm.obj</name>
      </input_file>
      <input_file id="fl-2c">
         <path>D:\ti\ccs1200\ccs\tools\compiler\ti-cgt-msp430_21.6.0.LTS\lib\</path>
         <kind>archive</kind>
         <file>rts430_eabi.lib</file>
         <name>isr_trap.asm.obj</name>
      </input_file>
      <input_file id="fl-2d">
         <path>D:\ti\ccs1200\ccs\tools\compiler\ti-cgt-msp430_21.6.0.LTS\lib\</path>
         <kind>archive</kind>
         <file>rts430_eabi.lib</file>
         <name>mult32.asm.obj</name>
      </input_file>
      <input_file id="fl-2e">
         <path>D:\ti\ccs1200\ccs\tools\compiler\ti-cgt-msp430_21.6.0.LTS\lib\</path>
         <kind>archive</kind>
         <file>rts430_eabi.lib</file>
         <name>boot.c.obj</name>
      </input_file>
      <input_file id="fl-2f">
         <path>D:\ti\ccs1200\ccs\tools\compiler\ti-cgt-msp430_21.6.0.LTS\lib\</path>
         <kind>archive</kind>
         <file>rts430_eabi.lib</file>
         <name>autoinit.c.obj</name>
      </input_file>
      <input_file id="fl-30">
         <path>D:\ti\ccs1200\ccs\tools\compiler\ti-cgt-msp430_21.6.0.LTS\lib\</path>
         <kind>archive</kind>
         <file>rts430_eabi.lib</file>
         <name>copy_zero_init.c.obj</name>
      </input_file>
      <input_file id="fl-31">
         <path>D:\ti\ccs1200\ccs\tools\compiler\ti-cgt-msp430_21.6.0.LTS\lib\</path>
         <kind>archive</kind>
         <file>rts430_eabi.lib</file>
         <name>cpy_tbl.c.obj</name>
      </input_file>
      <input_file id="fl-32">
         <path>D:\ti\ccs1200\ccs\tools\compiler\ti-cgt-msp430_21.6.0.LTS\lib\</path>
         <kind>archive</kind>
         <file>rts430_eabi.lib</file>
         <name>mpu_init.c.obj</name>
      </input_file>
      <input_file id="fl-33">
         <path>D:\ti\ccs1200\ccs\tools\compiler\ti-cgt-msp430_21.6.0.LTS\lib\</path>
         <kind>archive</kind>
         <file>rts430_eabi.lib</file>
         <name>pre_init.c.obj</name>
      </input_file>
      <input_file id="fl-34">
         <path>D:\ti\ccs1200\ccs\tools\compiler\ti-cgt-msp430_21.6.0.LTS\lib\</path>
         <kind>archive</kind>
         <file>rts430_eabi.lib</file>
         <name>startup.c.obj</name>
      </input_file>
      <input_file id="fl-35">
         <path>D:\ti\ccs1200\ccs\tools\compiler\ti-cgt-msp430_21.6.0.LTS\lib\</path>
         <kind>archive</kind>
         <file>rts430_eabi.lib</file>
         <name>copy_decompress_none.c.obj</name>
      </input_file>
      <input_file id="fl-36">
         <path>D:\ti\ccs1200\ccs\tools\compiler\ti-cgt-msp430_21.6.0.LTS\lib\</path>
         <kind>archive</kind>
         <file>rts430_eabi.lib</file>
         <name>copy_decompress_lzss.c.obj</name>
      </input_file>
      <input_file id="fl-37">
         <path>D:\ti\ccs1200\ccs\tools\compiler\ti-cgt-msp430_21.6.0.LTS\lib\</path>
         <kind>archive</kind>
         <file>rts430_eabi.lib</file>
         <name>divd.c.obj</name>
      </input_file>
      <input_file id="fl-38">
         <path>D:\ti\ccs1200\ccs\tools\compiler\ti-cgt-msp430_21.6.0.LTS\lib\</path>
         <kind>archive</kind>
         <file>rts430_eabi.lib</file>
         <name>fltlid.c.obj</name>
      </input_file>
      <input_file id="fl-39">
         <path>D:\ti\ccs1200\ccs\tools\compiler\ti-cgt-msp430_21.6.0.LTS\lib\</path>
         <kind>archive</kind>
         <file>rts430_eabi.lib</file>
         <name>frcdivd.c.obj</name>
      </input_file>
      <input_file id="fl-3a">
         <path>D:\ti\ccs1200\ccs\tools\compiler\ti-cgt-msp430_21.6.0.LTS\lib\</path>
         <kind>archive</kind>
         <file>rts430_eabi.lib</file>
         <name>mpyd.c.obj</name>
      </input_file>
      <input_file id="fl-3b">
         <path>D:\ti\ccs1200\ccs\tools\compiler\ti-cgt-msp430_21.6.0.LTS\lib\</path>
         <kind>archive</kind>
         <file>rts430_eabi.lib</file>
         <name>cvtdf.c.obj</name>
      </input_file>
      <input_file id="fl-3c">
         <path>D:\ti\ccs1200\ccs\tools\compiler\ti-cgt-msp430_21.6.0.LTS\lib\</path>
         <kind>archive</kind>
         <file>rts430_eabi.lib</file>
         <name>exit.c.obj</name>
      </input_file>
      <input_file id="fl-3d">
         <path>D:\ti\ccs1200\ccs\tools\compiler\ti-cgt-msp430_21.6.0.LTS\lib\</path>
         <kind>archive</kind>
         <file>rts430_eabi.lib</file>
         <name>_lock.c.obj</name>
      </input_file>
      <input_file id="fl-3e">
         <path>D:\ti\ccs1200\ccs\tools\compiler\ti-cgt-msp430_21.6.0.LTS\lib\</path>
         <kind>archive</kind>
         <file>rts430_eabi.lib</file>
         <name>args_main.c.obj</name>
      </input_file>
      <input_file id="fl-3f">
         <path>D:\ti\ccs1200\ccs\tools\compiler\ti-cgt-msp430_21.6.0.LTS\lib\</path>
         <kind>archive</kind>
         <file>rts430_eabi.lib</file>
         <name>memcpy.c.obj</name>
      </input_file>
      <input_file id="fl-40">
         <path>D:\ti\ccs1200\ccs\tools\compiler\ti-cgt-msp430_21.6.0.LTS\lib\</path>
         <kind>archive</kind>
         <file>rts430_eabi.lib</file>
         <name>asr16.asm.obj</name>
      </input_file>
      <input_file id="fl-41">
         <path>D:\ti\ccs1200\ccs\tools\compiler\ti-cgt-msp430_21.6.0.LTS\lib\</path>
         <kind>archive</kind>
         <file>rts430_eabi.lib</file>
         <name>asr32.asm.obj</name>
      </input_file>
      <input_file id="fl-42">
         <path>D:\ti\ccs1200\ccs\tools\compiler\ti-cgt-msp430_21.6.0.LTS\lib\</path>
         <kind>archive</kind>
         <file>rts430_eabi.lib</file>
         <name>lsl16.asm.obj</name>
      </input_file>
      <input_file id="fl-43">
         <path>D:\ti\ccs1200\ccs\tools\compiler\ti-cgt-msp430_21.6.0.LTS\lib\</path>
         <kind>archive</kind>
         <file>rts430_eabi.lib</file>
         <name>lsl32.asm.obj</name>
      </input_file>
      <input_file id="fl-44">
         <path>D:\ti\ccs1200\ccs\tools\compiler\ti-cgt-msp430_21.6.0.LTS\lib\</path>
         <kind>archive</kind>
         <file>rts430_eabi.lib</file>
         <name>lsr16.asm.obj</name>
      </input_file>
      <input_file id="fl-45">
         <path>D:\ti\ccs1200\ccs\tools\compiler\ti-cgt-msp430_21.6.0.LTS\lib\</path>
         <kind>archive</kind>
         <file>rts430_eabi.lib</file>
         <name>lsr32.asm.obj</name>
      </input_file>
      <input_file id="fl-46">
         <path>D:\ti\ccs1200\ccs\tools\compiler\ti-cgt-msp430_21.6.0.LTS\lib\</path>
         <kind>archive</kind>
         <file>rts430_eabi.lib</file>
         <name>mult16.asm.obj</name>
      </input_file>
      <input_file id="fl-47">
         <path>D:\ti\ccs1200\ccs\tools\compiler\ti-cgt-msp430_21.6.0.LTS\lib\</path>
         <kind>archive</kind>
         <file>rts430_eabi.lib</file>
         <name>exit_gvars.c.obj</name>
      </input_file>
      <input_file id="fl-48">
         <path>D:\ti\ccs1200\ccs\tools\compiler\ti-cgt-msp430_21.6.0.LTS\lib\</path>
         <kind>archive</kind>
         <file>rts430_eabi.lib</file>
         <name>lsr64.c.obj</name>
      </input_file>
      <input_file id="fl-49">
         <path>D:\ti\ccs1200\ccs\tools\compiler\ti-cgt-msp430_21.6.0.LTS\lib\</path>
         <kind>archive</kind>
         <file>rts430_eabi.lib</file>
         <name>frcmpyd.c.obj</name>
      </input_file>
      <input_file id="fl-4a">
         <path>D:\ti\ccs1200\ccs\tools\compiler\ti-cgt-msp430_21.6.0.LTS\lib\</path>
         <kind>archive</kind>
         <file>rts430_eabi.lib</file>
         <name>mult3264.asm.obj</name>
      </input_file>
      <input_file id="fl-4b">
         <path>D:\ti\ccs1200\ccs\tools\compiler\ti-cgt-msp430_21.6.0.LTS\lib\</path>
         <kind>archive</kind>
         <file>rts430_eabi.lib</file>
         <name>mult64.asm.obj</name>
      </input_file>
      <input_file id="fl-4c">
         <path>D:\ti\ccs1200\ccs\tools\compiler\ti-cgt-msp430_21.6.0.LTS\lib\</path>
         <kind>archive</kind>
         <file>rts430_eabi.lib</file>
         <name>lsl64.c.obj</name>
      </input_file>
      <input_file id="fl-4d">
         <path>D:\ti\ccs1200\ccs\tools\compiler\ti-cgt-msp430_21.6.0.LTS\lib\</path>
         <kind>archive</kind>
         <file>rts430_eabi.lib</file>
         <name>mult1632.asm.obj</name>
      </input_file>
   </input_file_list>
   <object_component_list>
      <object_component id="oc-1ea">
         <name>.common:distance</name>
         <uninitialized>true</uninitialized>
         <run_address>0x200</run_address>
         <size>0x4</size>
      </object_component>
      <object_component id="oc-13d">
         <name>.common:times</name>
         <uninitialized>true</uninitialized>
         <run_address>0x206</run_address>
         <size>0x2</size>
      </object_component>
      <object_component id="oc-140">
         <name>.common:succeed_flag</name>
         <uninitialized>true</uninitialized>
         <run_address>0x204</run_address>
         <size>0x2</size>
      </object_component>
      <object_component id="oc-b1">
         <name>.stack</name>
         <uninitialized>true</uninitialized>
         <run_address>0x3b0</run_address>
         <size>0x2</size>
         <input_file_ref idref="fl-2e"/>
      </object_component>
      <object_component id="oc-308">
         <name>.stack</name>
         <uninitialized>true</uninitialized>
         <run_address>0x3b0</run_address>
         <size>0x0</size>
      </object_component>
      <object_component id="oc-23d">
         <name>.text:__TI_frcdivd</name>
         <load_address>0xc000</load_address>
         <run_address>0xc000</run_address>
         <size>0x478</size>
         <input_file_ref idref="fl-39"/>
      </object_component>
      <object_component id="oc-1de">
         <name>.text:__mspabi_mpyd</name>
         <load_address>0xc478</load_address>
         <run_address>0xc478</run_address>
         <size>0x2c0</size>
         <input_file_ref idref="fl-3a"/>
      </object_component>
      <object_component id="oc-1d8">
         <name>.text:__mspabi_divd</name>
         <load_address>0xc738</load_address>
         <run_address>0xc738</run_address>
         <size>0x238</size>
         <input_file_ref idref="fl-37"/>
      </object_component>
      <object_component id="oc-24a">
         <name>.text:__TI_frcmpyd</name>
         <load_address>0xc970</load_address>
         <run_address>0xc970</run_address>
         <size>0x172</size>
         <input_file_ref idref="fl-49"/>
      </object_component>
      <object_component id="oc-297">
         <name>.text:__mpyll</name>
         <load_address>0xcae2</load_address>
         <run_address>0xcae2</run_address>
         <size>0x114</size>
         <input_file_ref idref="fl-4b"/>
      </object_component>
      <object_component id="oc-180">
         <name>.text:ChaoShengBo</name>
         <load_address>0xcbf6</load_address>
         <run_address>0xcbf6</run_address>
         <size>0xe8</size>
         <input_file_ref idref="fl-2"/>
      </object_component>
      <object_component id="oc-1e4">
         <name>.text:__mspabi_cvtdf</name>
         <load_address>0xccde</load_address>
         <run_address>0xccde</run_address>
         <size>0xb4</size>
         <input_file_ref idref="fl-3b"/>
      </object_component>
      <object_component id="oc-1d2">
         <name>.text:__mspabi_fltlid</name>
         <load_address>0xcd92</load_address>
         <run_address>0xcd92</run_address>
         <size>0xac</size>
         <input_file_ref idref="fl-38"/>
      </object_component>
      <object_component id="oc-231">
         <name>.text:l_lsr_const</name>
         <load_address>0xce3e</load_address>
         <run_address>0xce3e</run_address>
         <size>0x5c</size>
         <input_file_ref idref="fl-45"/>
      </object_component>
      <object_component id="oc-ba">
         <name>.text</name>
         <load_address>0xce9a</load_address>
         <run_address>0xce9a</run_address>
         <size>0x4c</size>
         <input_file_ref idref="fl-44"/>
      </object_component>
      <object_component id="oc-1eb">
         <name>.text</name>
         <load_address>0xcee6</load_address>
         <run_address>0xcee6</run_address>
         <size>0x4a</size>
         <input_file_ref idref="fl-1f"/>
      </object_component>
      <object_component id="oc-17a">
         <name>.text:Init_PWM</name>
         <load_address>0xcf30</load_address>
         <run_address>0xcf30</run_address>
         <size>0x48</size>
         <input_file_ref idref="fl-3"/>
      </object_component>
      <object_component id="oc-2a1">
         <name>.text:__mspabi_srlll</name>
         <load_address>0xcf78</load_address>
         <run_address>0xcf78</run_address>
         <size>0x46</size>
         <input_file_ref idref="fl-48"/>
      </object_component>
      <object_component id="oc-291">
         <name>.text:__mspabi_sllll</name>
         <load_address>0xcfbe</load_address>
         <run_address>0xcfbe</run_address>
         <size>0x44</size>
         <input_file_ref idref="fl-4c"/>
      </object_component>
      <object_component id="oc-193">
         <name>.text:__TI_auto_init_nobinit_nopinit:__TI_auto_init_nobinit_nopinit</name>
         <load_address>0xd002</load_address>
         <run_address>0xd002</run_address>
         <size>0x42</size>
         <input_file_ref idref="fl-2f"/>
      </object_component>
      <object_component id="oc-287">
         <name>.text:l_asr_const</name>
         <load_address>0xd044</load_address>
         <run_address>0xd044</run_address>
         <size>0x3e</size>
         <input_file_ref idref="fl-41"/>
      </object_component>
      <object_component id="oc-22c">
         <name>.text:l_lsl_const</name>
         <load_address>0xd082</load_address>
         <run_address>0xd082</run_address>
         <size>0x3e</size>
         <input_file_ref idref="fl-43"/>
      </object_component>
      <object_component id="oc-245">
         <name>.text</name>
         <load_address>0xd0c0</load_address>
         <run_address>0xd0c0</run_address>
         <size>0x2c</size>
         <input_file_ref idref="fl-40"/>
      </object_component>
      <object_component id="oc-b5">
         <name>.text</name>
         <load_address>0xd0ec</load_address>
         <run_address>0xd0ec</run_address>
         <size>0x2c</size>
         <input_file_ref idref="fl-42"/>
      </object_component>
      <object_component id="oc-1cd">
         <name>.text</name>
         <load_address>0xd118</load_address>
         <run_address>0xd118</run_address>
         <size>0x26</size>
         <input_file_ref idref="fl-2d"/>
      </object_component>
      <object_component id="oc-2bd">
         <name>.text:__mpyul</name>
         <load_address>0xd13e</load_address>
         <run_address>0xd13e</run_address>
         <size>0x22</size>
         <input_file_ref idref="fl-4d"/>
      </object_component>
      <object_component id="oc-29c">
         <name>.text:__mpyull</name>
         <load_address>0xd160</load_address>
         <run_address>0xd160</run_address>
         <size>0x1e</size>
         <input_file_ref idref="fl-4a"/>
      </object_component>
      <object_component id="oc-f9">
         <name>.text:_c_int00_noargs</name>
         <load_address>0xd17e</load_address>
         <run_address>0xd17e</run_address>
         <size>0x1c</size>
         <input_file_ref idref="fl-2e"/>
      </object_component>
      <object_component id="oc-e1">
         <name>.text:Port_1</name>
         <load_address>0xd19a</load_address>
         <run_address>0xd19a</run_address>
         <size>0x1a</size>
         <input_file_ref idref="fl-2"/>
      </object_component>
      <object_component id="oc-150">
         <name>.text:main</name>
         <load_address>0xd1b4</load_address>
         <run_address>0xd1b4</run_address>
         <size>0x1a</size>
         <input_file_ref idref="fl-3"/>
      </object_component>
      <object_component id="oc-e7">
         <name>.text:decompress:ZI:__TI_zero_init_nomemset:__TI_zero_init_nomemset</name>
         <load_address>0xd1ce</load_address>
         <run_address>0xd1ce</run_address>
         <size>0x14</size>
         <input_file_ref idref="fl-30"/>
      </object_component>
      <object_component id="oc-276">
         <name>.text</name>
         <load_address>0xd1e2</load_address>
         <run_address>0xd1e2</run_address>
         <size>0x14</size>
         <input_file_ref idref="fl-46"/>
      </object_component>
      <object_component id="oc-1c7">
         <name>.text:delay_nus</name>
         <load_address>0xd1f6</load_address>
         <run_address>0xd1f6</run_address>
         <size>0x12</size>
         <input_file_ref idref="fl-2"/>
      </object_component>
      <object_component id="oc-bf">
         <name>.text</name>
         <load_address>0xd208</load_address>
         <run_address>0xd208</run_address>
         <size>0x10</size>
         <input_file_ref idref="fl-1e"/>
      </object_component>
      <object_component id="oc-dc">
         <name>.text:_isr:__TI_ISR_TRAP</name>
         <load_address>0xd218</load_address>
         <run_address>0xd218</run_address>
         <size>0x8</size>
         <input_file_ref idref="fl-2c"/>
      </object_component>
      <object_component id="oc-187">
         <name>.text:abort</name>
         <load_address>0xd220</load_address>
         <run_address>0xd220</run_address>
         <size>0x6</size>
         <input_file_ref idref="fl-3c"/>
      </object_component>
      <object_component id="oc-14a">
         <name>.text:_system_pre_init</name>
         <load_address>0xd226</load_address>
         <run_address>0xd226</run_address>
         <size>0x4</size>
         <input_file_ref idref="fl-33"/>
      </object_component>
      <object_component id="oc-203">
         <name>.text:_system_post_cinit</name>
         <load_address>0xd22a</load_address>
         <run_address>0xd22a</run_address>
         <size>0x2</size>
         <input_file_ref idref="fl-34"/>
      </object_component>
      <object_component id="oc-224">
         <name>.text:delay_1us</name>
         <load_address>0xd22c</load_address>
         <run_address>0xd22c</run_address>
         <size>0x2</size>
         <input_file_ref idref="fl-2"/>
      </object_component>
      <object_component id="oc-307">
         <name>.cinit..bss.load</name>
         <load_address>0xd22e</load_address>
         <run_address>0xd22e</run_address>
         <size>0x4</size>
      </object_component>
      <object_component id="oc-305">
         <name>__TI_handler_table</name>
         <load_address>0xd232</load_address>
         <run_address>0xd232</run_address>
         <size>0x2</size>
      </object_component>
      <object_component id="oc-306">
         <name>__TI_cinit_table</name>
         <load_address>0xd234</load_address>
         <run_address>0xd234</run_address>
         <size>0x4</size>
      </object_component>
      <object_component id="oc-2c7">
         <name>.binit</name>
         <load_address>0xc000</load_address>
         <run_address>0xc000</run_address>
         <size>0x0</size>
      </object_component>
      <object_component id="oc-40">
         <name>.int00</name>
         <load_address>0xffe0</load_address>
         <run_address>0xffe0</run_address>
         <size>0x2</size>
         <input_file_ref idref="fl-20"/>
      </object_component>
      <object_component id="oc-41">
         <name>.int02</name>
         <load_address>0xffe4</load_address>
         <run_address>0xffe4</run_address>
         <size>0x2</size>
         <input_file_ref idref="fl-2"/>
      </object_component>
      <object_component id="oc-42">
         <name>.int03</name>
         <load_address>0xffe6</load_address>
         <run_address>0xffe6</run_address>
         <size>0x2</size>
         <input_file_ref idref="fl-21"/>
      </object_component>
      <object_component id="oc-43">
         <name>.int05</name>
         <load_address>0xffea</load_address>
         <run_address>0xffea</run_address>
         <size>0x2</size>
         <input_file_ref idref="fl-22"/>
      </object_component>
      <object_component id="oc-44">
         <name>.int06</name>
         <load_address>0xffec</load_address>
         <run_address>0xffec</run_address>
         <size>0x2</size>
         <input_file_ref idref="fl-23"/>
      </object_component>
      <object_component id="oc-45">
         <name>.int07</name>
         <load_address>0xffee</load_address>
         <run_address>0xffee</run_address>
         <size>0x2</size>
         <input_file_ref idref="fl-24"/>
      </object_component>
      <object_component id="oc-46">
         <name>.int08</name>
         <load_address>0xfff0</load_address>
         <run_address>0xfff0</run_address>
         <size>0x2</size>
         <input_file_ref idref="fl-25"/>
      </object_component>
      <object_component id="oc-47">
         <name>.int09</name>
         <load_address>0xfff2</load_address>
         <run_address>0xfff2</run_address>
         <size>0x2</size>
         <input_file_ref idref="fl-26"/>
      </object_component>
      <object_component id="oc-48">
         <name>.int10</name>
         <load_address>0xfff4</load_address>
         <run_address>0xfff4</run_address>
         <size>0x2</size>
         <input_file_ref idref="fl-27"/>
      </object_component>
      <object_component id="oc-49">
         <name>.int11</name>
         <load_address>0xfff6</load_address>
         <run_address>0xfff6</run_address>
         <size>0x2</size>
         <input_file_ref idref="fl-28"/>
      </object_component>
      <object_component id="oc-4a">
         <name>.int12</name>
         <load_address>0xfff8</load_address>
         <run_address>0xfff8</run_address>
         <size>0x2</size>
         <input_file_ref idref="fl-29"/>
      </object_component>
      <object_component id="oc-4b">
         <name>.int13</name>
         <load_address>0xfffa</load_address>
         <run_address>0xfffa</run_address>
         <size>0x2</size>
         <input_file_ref idref="fl-2a"/>
      </object_component>
      <object_component id="oc-4c">
         <name>.int14</name>
         <load_address>0xfffc</load_address>
         <run_address>0xfffc</run_address>
         <size>0x2</size>
         <input_file_ref idref="fl-2b"/>
      </object_component>
      <object_component id="oc-b4">
         <name>.reset</name>
         <load_address>0xfffe</load_address>
         <run_address>0xfffe</run_address>
         <size>0x2</size>
         <input_file_ref idref="fl-2e"/>
      </object_component>
      <object_component id="oc-13e">
         <name>.debug_info</name>
         <load_address>0x0</load_address>
         <run_address>0x0</run_address>
         <size>0x314</size>
         <input_file_ref idref="fl-2"/>
      </object_component>
      <object_component id="oc-225">
         <name>.debug_info</name>
         <load_address>0x314</load_address>
         <run_address>0x314</run_address>
         <size>0xfe</size>
         <input_file_ref idref="fl-2"/>
      </object_component>
      <object_component id="oc-1c8">
         <name>.debug_info</name>
         <load_address>0x412</load_address>
         <run_address>0x412</run_address>
         <size>0x12f</size>
         <input_file_ref idref="fl-2"/>
      </object_component>
      <object_component id="oc-e2">
         <name>.debug_info</name>
         <load_address>0x541</load_address>
         <run_address>0x541</run_address>
         <size>0xf9</size>
         <input_file_ref idref="fl-2"/>
      </object_component>
      <object_component id="oc-181">
         <name>.debug_info</name>
         <load_address>0x63a</load_address>
         <run_address>0x63a</run_address>
         <size>0x1b1</size>
         <input_file_ref idref="fl-2"/>
      </object_component>
      <object_component id="oc-ca">
         <name>.debug_info</name>
         <load_address>0x7eb</load_address>
         <run_address>0x7eb</run_address>
         <size>0x84</size>
         <input_file_ref idref="fl-2"/>
      </object_component>
      <object_component id="oc-17b">
         <name>.debug_info</name>
         <load_address>0x86f</load_address>
         <run_address>0x86f</run_address>
         <size>0xff</size>
         <input_file_ref idref="fl-3"/>
      </object_component>
      <object_component id="oc-151">
         <name>.debug_info</name>
         <load_address>0x96e</load_address>
         <run_address>0x96e</run_address>
         <size>0x112</size>
         <input_file_ref idref="fl-3"/>
      </object_component>
      <object_component id="oc-c0">
         <name>.debug_info</name>
         <load_address>0xa80</load_address>
         <run_address>0xa80</run_address>
         <size>0x12e</size>
         <input_file_ref idref="fl-1e"/>
      </object_component>
      <object_component id="oc-1ed">
         <name>.debug_info</name>
         <load_address>0xbae</load_address>
         <run_address>0xbae</run_address>
         <size>0x12d</size>
         <input_file_ref idref="fl-1f"/>
      </object_component>
      <object_component id="oc-dd">
         <name>.debug_info</name>
         <load_address>0xcdb</load_address>
         <run_address>0xcdb</run_address>
         <size>0x10f</size>
         <input_file_ref idref="fl-2c"/>
      </object_component>
      <object_component id="oc-1ce">
         <name>.debug_info</name>
         <load_address>0xdea</load_address>
         <run_address>0xdea</run_address>
         <size>0x121</size>
         <input_file_ref idref="fl-2d"/>
      </object_component>
      <object_component id="oc-b2">
         <name>.debug_info</name>
         <load_address>0xf0b</load_address>
         <run_address>0xf0b</run_address>
         <size>0x100</size>
         <input_file_ref idref="fl-2e"/>
      </object_component>
      <object_component id="oc-fa">
         <name>.debug_info</name>
         <load_address>0x100b</load_address>
         <run_address>0x100b</run_address>
         <size>0x17a</size>
         <input_file_ref idref="fl-2e"/>
      </object_component>
      <object_component id="oc-20a">
         <name>.debug_info</name>
         <load_address>0x1185</load_address>
         <run_address>0x1185</run_address>
         <size>0x3de</size>
         <input_file_ref idref="fl-2f"/>
      </object_component>
      <object_component id="oc-194">
         <name>.debug_info</name>
         <load_address>0x1563</load_address>
         <run_address>0x1563</run_address>
         <size>0x1e0</size>
         <input_file_ref idref="fl-2f"/>
      </object_component>
      <object_component id="oc-26c">
         <name>.debug_info</name>
         <load_address>0x1743</load_address>
         <run_address>0x1743</run_address>
         <size>0x39</size>
         <input_file_ref idref="fl-2f"/>
      </object_component>
      <object_component id="oc-27d">
         <name>.debug_info</name>
         <load_address>0x177c</load_address>
         <run_address>0x177c</run_address>
         <size>0x2c</size>
         <input_file_ref idref="fl-2f"/>
      </object_component>
      <object_component id="oc-215">
         <name>.debug_info</name>
         <load_address>0x17a8</load_address>
         <run_address>0x17a8</run_address>
         <size>0x2c</size>
         <input_file_ref idref="fl-2f"/>
      </object_component>
      <object_component id="oc-271">
         <name>.debug_info</name>
         <load_address>0x17d4</load_address>
         <run_address>0x17d4</run_address>
         <size>0xcd</size>
         <input_file_ref idref="fl-2f"/>
      </object_component>
      <object_component id="oc-148">
         <name>.debug_info</name>
         <load_address>0x18a1</load_address>
         <run_address>0x18a1</run_address>
         <size>0x175</size>
         <input_file_ref idref="fl-30"/>
      </object_component>
      <object_component id="oc-e9">
         <name>.debug_info</name>
         <load_address>0x1a16</load_address>
         <run_address>0x1a16</run_address>
         <size>0x1d2</size>
         <input_file_ref idref="fl-30"/>
      </object_component>
      <object_component id="oc-143">
         <name>.debug_info</name>
         <load_address>0x1be8</load_address>
         <run_address>0x1be8</run_address>
         <size>0x46</size>
         <input_file_ref idref="fl-30"/>
      </object_component>
      <object_component id="oc-130">
         <name>.debug_info</name>
         <load_address>0x1c2e</load_address>
         <run_address>0x1c2e</run_address>
         <size>0x2c</size>
         <input_file_ref idref="fl-30"/>
      </object_component>
      <object_component id="oc-14c">
         <name>.debug_info</name>
         <load_address>0x1c5a</load_address>
         <run_address>0x1c5a</run_address>
         <size>0x153</size>
         <input_file_ref idref="fl-33"/>
      </object_component>
      <object_component id="oc-207">
         <name>.debug_info</name>
         <load_address>0x1dad</load_address>
         <run_address>0x1dad</run_address>
         <size>0x150</size>
         <input_file_ref idref="fl-34"/>
      </object_component>
      <object_component id="oc-244">
         <name>.debug_info</name>
         <load_address>0x1efd</load_address>
         <run_address>0x1efd</run_address>
         <size>0x1a2</size>
         <input_file_ref idref="fl-37"/>
      </object_component>
      <object_component id="oc-1d9">
         <name>.debug_info</name>
         <load_address>0x209f</load_address>
         <run_address>0x209f</run_address>
         <size>0x28a</size>
         <input_file_ref idref="fl-37"/>
      </object_component>
      <object_component id="oc-238">
         <name>.debug_info</name>
         <load_address>0x2329</load_address>
         <run_address>0x2329</run_address>
         <size>0x94</size>
         <input_file_ref idref="fl-37"/>
      </object_component>
      <object_component id="oc-237">
         <name>.debug_info</name>
         <load_address>0x23bd</load_address>
         <run_address>0x23bd</run_address>
         <size>0x16b</size>
         <input_file_ref idref="fl-38"/>
      </object_component>
      <object_component id="oc-1d5">
         <name>.debug_info</name>
         <load_address>0x2528</load_address>
         <run_address>0x2528</run_address>
         <size>0x21b</size>
         <input_file_ref idref="fl-38"/>
      </object_component>
      <object_component id="oc-28d">
         <name>.debug_info</name>
         <load_address>0x2743</load_address>
         <run_address>0x2743</run_address>
         <size>0x172</size>
         <input_file_ref idref="fl-39"/>
      </object_component>
      <object_component id="oc-240">
         <name>.debug_info</name>
         <load_address>0x28b5</load_address>
         <run_address>0x28b5</run_address>
         <size>0x5cf</size>
         <input_file_ref idref="fl-39"/>
      </object_component>
      <object_component id="oc-251">
         <name>.debug_info</name>
         <load_address>0x2e84</load_address>
         <run_address>0x2e84</run_address>
         <size>0x197</size>
         <input_file_ref idref="fl-3a"/>
      </object_component>
      <object_component id="oc-1df">
         <name>.debug_info</name>
         <load_address>0x301b</load_address>
         <run_address>0x301b</run_address>
         <size>0x2d2</size>
         <input_file_ref idref="fl-3a"/>
      </object_component>
      <object_component id="oc-253">
         <name>.debug_info</name>
         <load_address>0x32ed</load_address>
         <run_address>0x32ed</run_address>
         <size>0x165</size>
         <input_file_ref idref="fl-3b"/>
      </object_component>
      <object_component id="oc-1e5">
         <name>.debug_info</name>
         <load_address>0x3452</load_address>
         <run_address>0x3452</run_address>
         <size>0x208</size>
         <input_file_ref idref="fl-3b"/>
      </object_component>
      <object_component id="oc-188">
         <name>.debug_info</name>
         <load_address>0x365a</load_address>
         <run_address>0x365a</run_address>
         <size>0x122</size>
         <input_file_ref idref="fl-3c"/>
      </object_component>
      <object_component id="oc-247">
         <name>.debug_info</name>
         <load_address>0x377c</load_address>
         <run_address>0x377c</run_address>
         <size>0x120</size>
         <input_file_ref idref="fl-40"/>
      </object_component>
      <object_component id="oc-28a">
         <name>.debug_info</name>
         <load_address>0x389c</load_address>
         <run_address>0x389c</run_address>
         <size>0x126</size>
         <input_file_ref idref="fl-41"/>
      </object_component>
      <object_component id="oc-b7">
         <name>.debug_info</name>
         <load_address>0x39c2</load_address>
         <run_address>0x39c2</run_address>
         <size>0x120</size>
         <input_file_ref idref="fl-42"/>
      </object_component>
      <object_component id="oc-22f">
         <name>.debug_info</name>
         <load_address>0x3ae2</load_address>
         <run_address>0x3ae2</run_address>
         <size>0x126</size>
         <input_file_ref idref="fl-43"/>
      </object_component>
      <object_component id="oc-bc">
         <name>.debug_info</name>
         <load_address>0x3c08</load_address>
         <run_address>0x3c08</run_address>
         <size>0x120</size>
         <input_file_ref idref="fl-44"/>
      </object_component>
      <object_component id="oc-232">
         <name>.debug_info</name>
         <load_address>0x3d28</load_address>
         <run_address>0x3d28</run_address>
         <size>0x126</size>
         <input_file_ref idref="fl-45"/>
      </object_component>
      <object_component id="oc-278">
         <name>.debug_info</name>
         <load_address>0x3e4e</load_address>
         <run_address>0x3e4e</run_address>
         <size>0x121</size>
         <input_file_ref idref="fl-46"/>
      </object_component>
      <object_component id="oc-2a4">
         <name>.debug_info</name>
         <load_address>0x3f6f</load_address>
         <run_address>0x3f6f</run_address>
         <size>0x193</size>
         <input_file_ref idref="fl-48"/>
      </object_component>
      <object_component id="oc-24b">
         <name>.debug_info</name>
         <load_address>0x4102</load_address>
         <run_address>0x4102</run_address>
         <size>0x239</size>
         <input_file_ref idref="fl-49"/>
      </object_component>
      <object_component id="oc-29d">
         <name>.debug_info</name>
         <load_address>0x433b</load_address>
         <run_address>0x433b</run_address>
         <size>0x139</size>
         <input_file_ref idref="fl-4a"/>
      </object_component>
      <object_component id="oc-298">
         <name>.debug_info</name>
         <load_address>0x4474</load_address>
         <run_address>0x4474</run_address>
         <size>0x20b</size>
         <input_file_ref idref="fl-4b"/>
      </object_component>
      <object_component id="oc-295">
         <name>.debug_info</name>
         <load_address>0x467f</load_address>
         <run_address>0x467f</run_address>
         <size>0x193</size>
         <input_file_ref idref="fl-4c"/>
      </object_component>
      <object_component id="oc-2be">
         <name>.debug_info</name>
         <load_address>0x4812</load_address>
         <run_address>0x4812</run_address>
         <size>0x125</size>
         <input_file_ref idref="fl-4d"/>
      </object_component>
      <object_component id="oc-309">
         <name>.debug_info</name>
         <load_address>0x4937</load_address>
         <run_address>0x4937</run_address>
         <size>0x8f</size>
      </object_component>
      <object_component id="oc-176">
         <name>.debug_line</name>
         <load_address>0x0</load_address>
         <run_address>0x0</run_address>
         <size>0x6e</size>
         <input_file_ref idref="fl-2"/>
      </object_component>
      <object_component id="oc-229">
         <name>.debug_line</name>
         <load_address>0x6e</load_address>
         <run_address>0x6e</run_address>
         <size>0x46</size>
         <input_file_ref idref="fl-2"/>
      </object_component>
      <object_component id="oc-1cb">
         <name>.debug_line</name>
         <load_address>0xb4</load_address>
         <run_address>0xb4</run_address>
         <size>0x4c</size>
         <input_file_ref idref="fl-2"/>
      </object_component>
      <object_component id="oc-e5">
         <name>.debug_line</name>
         <load_address>0x100</load_address>
         <run_address>0x100</run_address>
         <size>0x4d</size>
         <input_file_ref idref="fl-2"/>
      </object_component>
      <object_component id="oc-184">
         <name>.debug_line</name>
         <load_address>0x14d</load_address>
         <run_address>0x14d</run_address>
         <size>0x73</size>
         <input_file_ref idref="fl-2"/>
      </object_component>
      <object_component id="oc-cd">
         <name>.debug_line</name>
         <load_address>0x1c0</load_address>
         <run_address>0x1c0</run_address>
         <size>0x20</size>
         <input_file_ref idref="fl-2"/>
      </object_component>
      <object_component id="oc-17f">
         <name>.debug_line</name>
         <load_address>0x1e0</load_address>
         <run_address>0x1e0</run_address>
         <size>0x53</size>
         <input_file_ref idref="fl-3"/>
      </object_component>
      <object_component id="oc-155">
         <name>.debug_line</name>
         <load_address>0x233</load_address>
         <run_address>0x233</run_address>
         <size>0x50</size>
         <input_file_ref idref="fl-3"/>
      </object_component>
      <object_component id="oc-c3">
         <name>.debug_line</name>
         <load_address>0x283</load_address>
         <run_address>0x283</run_address>
         <size>0x40</size>
         <input_file_ref idref="fl-1e"/>
      </object_component>
      <object_component id="oc-1ef">
         <name>.debug_line</name>
         <load_address>0x2c3</load_address>
         <run_address>0x2c3</run_address>
         <size>0x5e</size>
         <input_file_ref idref="fl-1f"/>
      </object_component>
      <object_component id="oc-e0">
         <name>.debug_line</name>
         <load_address>0x321</load_address>
         <run_address>0x321</run_address>
         <size>0x3d</size>
         <input_file_ref idref="fl-2c"/>
      </object_component>
      <object_component id="oc-1d1">
         <name>.debug_line</name>
         <load_address>0x35e</load_address>
         <run_address>0x35e</run_address>
         <size>0x4b</size>
         <input_file_ref idref="fl-2d"/>
      </object_component>
      <object_component id="oc-124">
         <name>.debug_line</name>
         <load_address>0x3a9</load_address>
         <run_address>0x3a9</run_address>
         <size>0x2a</size>
         <input_file_ref idref="fl-2e"/>
      </object_component>
      <object_component id="oc-fd">
         <name>.debug_line</name>
         <load_address>0x3d3</load_address>
         <run_address>0x3d3</run_address>
         <size>0x46</size>
         <input_file_ref idref="fl-2e"/>
      </object_component>
      <object_component id="oc-26b">
         <name>.debug_line</name>
         <load_address>0x419</load_address>
         <run_address>0x419</run_address>
         <size>0xbf</size>
         <input_file_ref idref="fl-2f"/>
      </object_component>
      <object_component id="oc-197">
         <name>.debug_line</name>
         <load_address>0x4d8</load_address>
         <run_address>0x4d8</run_address>
         <size>0x76</size>
         <input_file_ref idref="fl-2f"/>
      </object_component>
      <object_component id="oc-26f">
         <name>.debug_line</name>
         <load_address>0x54e</load_address>
         <run_address>0x54e</run_address>
         <size>0x2e</size>
         <input_file_ref idref="fl-2f"/>
      </object_component>
      <object_component id="oc-280">
         <name>.debug_line</name>
         <load_address>0x57c</load_address>
         <run_address>0x57c</run_address>
         <size>0x9a</size>
         <input_file_ref idref="fl-2f"/>
      </object_component>
      <object_component id="oc-218">
         <name>.debug_line</name>
         <load_address>0x616</load_address>
         <run_address>0x616</run_address>
         <size>0x97</size>
         <input_file_ref idref="fl-2f"/>
      </object_component>
      <object_component id="oc-274">
         <name>.debug_line</name>
         <load_address>0x6ad</load_address>
         <run_address>0x6ad</run_address>
         <size>0x93</size>
         <input_file_ref idref="fl-2f"/>
      </object_component>
      <object_component id="oc-178">
         <name>.debug_line</name>
         <load_address>0x740</load_address>
         <run_address>0x740</run_address>
         <size>0x20</size>
         <input_file_ref idref="fl-30"/>
      </object_component>
      <object_component id="oc-ec">
         <name>.debug_line</name>
         <load_address>0x760</load_address>
         <run_address>0x760</run_address>
         <size>0x4f</size>
         <input_file_ref idref="fl-30"/>
      </object_component>
      <object_component id="oc-146">
         <name>.debug_line</name>
         <load_address>0x7af</load_address>
         <run_address>0x7af</run_address>
         <size>0x34</size>
         <input_file_ref idref="fl-30"/>
      </object_component>
      <object_component id="oc-133">
         <name>.debug_line</name>
         <load_address>0x7e3</load_address>
         <run_address>0x7e3</run_address>
         <size>0x92</size>
         <input_file_ref idref="fl-30"/>
      </object_component>
      <object_component id="oc-14e">
         <name>.debug_line</name>
         <load_address>0x875</load_address>
         <run_address>0x875</run_address>
         <size>0x3e</size>
         <input_file_ref idref="fl-33"/>
      </object_component>
      <object_component id="oc-206">
         <name>.debug_line</name>
         <load_address>0x8b3</load_address>
         <run_address>0x8b3</run_address>
         <size>0x3a</size>
         <input_file_ref idref="fl-34"/>
      </object_component>
      <object_component id="oc-28f">
         <name>.debug_line</name>
         <load_address>0x8ed</load_address>
         <run_address>0x8ed</run_address>
         <size>0x2d</size>
         <input_file_ref idref="fl-37"/>
      </object_component>
      <object_component id="oc-1dc">
         <name>.debug_line</name>
         <load_address>0x91a</load_address>
         <run_address>0x91a</run_address>
         <size>0xe9</size>
         <input_file_ref idref="fl-37"/>
      </object_component>
      <object_component id="oc-23b">
         <name>.debug_line</name>
         <load_address>0xa03</load_address>
         <run_address>0xa03</run_address>
         <size>0x2e</size>
         <input_file_ref idref="fl-37"/>
      </object_component>
      <object_component id="oc-286">
         <name>.debug_line</name>
         <load_address>0xa31</load_address>
         <run_address>0xa31</run_address>
         <size>0x20</size>
         <input_file_ref idref="fl-38"/>
      </object_component>
      <object_component id="oc-1d3">
         <name>.debug_line</name>
         <load_address>0xa51</load_address>
         <run_address>0xa51</run_address>
         <size>0x81</size>
         <input_file_ref idref="fl-38"/>
      </object_component>
      <object_component id="oc-2bb">
         <name>.debug_line</name>
         <load_address>0xad2</load_address>
         <run_address>0xad2</run_address>
         <size>0x20</size>
         <input_file_ref idref="fl-39"/>
      </object_component>
      <object_component id="oc-23e">
         <name>.debug_line</name>
         <load_address>0xaf2</load_address>
         <run_address>0xaf2</run_address>
         <size>0xdc</size>
         <input_file_ref idref="fl-39"/>
      </object_component>
      <object_component id="oc-2a9">
         <name>.debug_line</name>
         <load_address>0xbce</load_address>
         <run_address>0xbce</run_address>
         <size>0x2d</size>
         <input_file_ref idref="fl-3a"/>
      </object_component>
      <object_component id="oc-1e2">
         <name>.debug_line</name>
         <load_address>0xbfb</load_address>
         <run_address>0xbfb</run_address>
         <size>0xf0</size>
         <input_file_ref idref="fl-3a"/>
      </object_component>
      <object_component id="oc-2ab">
         <name>.debug_line</name>
         <load_address>0xceb</load_address>
         <run_address>0xceb</run_address>
         <size>0x20</size>
         <input_file_ref idref="fl-3b"/>
      </object_component>
      <object_component id="oc-1e9">
         <name>.debug_line</name>
         <load_address>0xd0b</load_address>
         <run_address>0xd0b</run_address>
         <size>0x74</size>
         <input_file_ref idref="fl-3b"/>
      </object_component>
      <object_component id="oc-18c">
         <name>.debug_line</name>
         <load_address>0xd7f</load_address>
         <run_address>0xd7f</run_address>
         <size>0x3d</size>
         <input_file_ref idref="fl-3c"/>
      </object_component>
      <object_component id="oc-246">
         <name>.debug_line</name>
         <load_address>0xdbc</load_address>
         <run_address>0xdbc</run_address>
         <size>0x4e</size>
         <input_file_ref idref="fl-40"/>
      </object_component>
      <object_component id="oc-289">
         <name>.debug_line</name>
         <load_address>0xe0a</load_address>
         <run_address>0xe0a</run_address>
         <size>0x56</size>
         <input_file_ref idref="fl-41"/>
      </object_component>
      <object_component id="oc-b9">
         <name>.debug_line</name>
         <load_address>0xe60</load_address>
         <run_address>0xe60</run_address>
         <size>0x4e</size>
         <input_file_ref idref="fl-42"/>
      </object_component>
      <object_component id="oc-22e">
         <name>.debug_line</name>
         <load_address>0xeae</load_address>
         <run_address>0xeae</run_address>
         <size>0x56</size>
         <input_file_ref idref="fl-43"/>
      </object_component>
      <object_component id="oc-be">
         <name>.debug_line</name>
         <load_address>0xf04</load_address>
         <run_address>0xf04</run_address>
         <size>0x5e</size>
         <input_file_ref idref="fl-44"/>
      </object_component>
      <object_component id="oc-235">
         <name>.debug_line</name>
         <load_address>0xf62</load_address>
         <run_address>0xf62</run_address>
         <size>0x65</size>
         <input_file_ref idref="fl-45"/>
      </object_component>
      <object_component id="oc-27a">
         <name>.debug_line</name>
         <load_address>0xfc7</load_address>
         <run_address>0xfc7</run_address>
         <size>0x42</size>
         <input_file_ref idref="fl-46"/>
      </object_component>
      <object_component id="oc-2a3">
         <name>.debug_line</name>
         <load_address>0x1009</load_address>
         <run_address>0x1009</run_address>
         <size>0x53</size>
         <input_file_ref idref="fl-48"/>
      </object_component>
      <object_component id="oc-24e">
         <name>.debug_line</name>
         <load_address>0x105c</load_address>
         <run_address>0x105c</run_address>
         <size>0x65</size>
         <input_file_ref idref="fl-49"/>
      </object_component>
      <object_component id="oc-2a0">
         <name>.debug_line</name>
         <load_address>0x10c1</load_address>
         <run_address>0x10c1</run_address>
         <size>0x4a</size>
         <input_file_ref idref="fl-4a"/>
      </object_component>
      <object_component id="oc-29b">
         <name>.debug_line</name>
         <load_address>0x110b</load_address>
         <run_address>0x110b</run_address>
         <size>0xa6</size>
         <input_file_ref idref="fl-4b"/>
      </object_component>
      <object_component id="oc-292">
         <name>.debug_line</name>
         <load_address>0x11b1</load_address>
         <run_address>0x11b1</run_address>
         <size>0x53</size>
         <input_file_ref idref="fl-4c"/>
      </object_component>
      <object_component id="oc-2c1">
         <name>.debug_line</name>
         <load_address>0x1204</load_address>
         <run_address>0x1204</run_address>
         <size>0x4b</size>
         <input_file_ref idref="fl-4d"/>
      </object_component>
      <object_component id="oc-228">
         <name>.debug_frame</name>
         <load_address>0x0</load_address>
         <run_address>0x0</run_address>
         <size>0x3c</size>
         <input_file_ref idref="fl-2"/>
      </object_component>
      <object_component id="oc-1cc">
         <name>.debug_frame</name>
         <load_address>0x3c</load_address>
         <run_address>0x3c</run_address>
         <size>0x3c</size>
         <input_file_ref idref="fl-2"/>
      </object_component>
      <object_component id="oc-e6">
         <name>.debug_frame</name>
         <load_address>0x78</load_address>
         <run_address>0x78</run_address>
         <size>0x3c</size>
         <input_file_ref idref="fl-2"/>
      </object_component>
      <object_component id="oc-185">
         <name>.debug_frame</name>
         <load_address>0xb4</load_address>
         <run_address>0xb4</run_address>
         <size>0x4c</size>
         <input_file_ref idref="fl-2"/>
      </object_component>
      <object_component id="oc-17e">
         <name>.debug_frame</name>
         <load_address>0x100</load_address>
         <run_address>0x100</run_address>
         <size>0x3c</size>
         <input_file_ref idref="fl-3"/>
      </object_component>
      <object_component id="oc-154">
         <name>.debug_frame</name>
         <load_address>0x13c</load_address>
         <run_address>0x13c</run_address>
         <size>0x3c</size>
         <input_file_ref idref="fl-3"/>
      </object_component>
      <object_component id="oc-fe">
         <name>.debug_frame</name>
         <load_address>0x178</load_address>
         <run_address>0x178</run_address>
         <size>0x34</size>
         <input_file_ref idref="fl-2e"/>
      </object_component>
      <object_component id="oc-198">
         <name>.debug_frame</name>
         <load_address>0x1ac</load_address>
         <run_address>0x1ac</run_address>
         <size>0x44</size>
         <input_file_ref idref="fl-2f"/>
      </object_component>
      <object_component id="oc-e8">
         <name>.debug_frame</name>
         <load_address>0x1f0</load_address>
         <run_address>0x1f0</run_address>
         <size>0x3c</size>
         <input_file_ref idref="fl-30"/>
      </object_component>
      <object_component id="oc-14f">
         <name>.debug_frame</name>
         <load_address>0x22c</load_address>
         <run_address>0x22c</run_address>
         <size>0x3c</size>
         <input_file_ref idref="fl-33"/>
      </object_component>
      <object_component id="oc-204">
         <name>.debug_frame</name>
         <load_address>0x268</load_address>
         <run_address>0x268</run_address>
         <size>0x3c</size>
         <input_file_ref idref="fl-34"/>
      </object_component>
      <object_component id="oc-1dd">
         <name>.debug_frame</name>
         <load_address>0x2a4</load_address>
         <run_address>0x2a4</run_address>
         <size>0x68</size>
         <input_file_ref idref="fl-37"/>
      </object_component>
      <object_component id="oc-1d4">
         <name>.debug_frame</name>
         <load_address>0x30c</load_address>
         <run_address>0x30c</run_address>
         <size>0x48</size>
         <input_file_ref idref="fl-38"/>
      </object_component>
      <object_component id="oc-23f">
         <name>.debug_frame</name>
         <load_address>0x354</load_address>
         <run_address>0x354</run_address>
         <size>0x78</size>
         <input_file_ref idref="fl-39"/>
      </object_component>
      <object_component id="oc-1e3">
         <name>.debug_frame</name>
         <load_address>0x3cc</load_address>
         <run_address>0x3cc</run_address>
         <size>0x68</size>
         <input_file_ref idref="fl-3a"/>
      </object_component>
      <object_component id="oc-1e8">
         <name>.debug_frame</name>
         <load_address>0x434</load_address>
         <run_address>0x434</run_address>
         <size>0x4c</size>
         <input_file_ref idref="fl-3b"/>
      </object_component>
      <object_component id="oc-18b">
         <name>.debug_frame</name>
         <load_address>0x480</load_address>
         <run_address>0x480</run_address>
         <size>0x3c</size>
         <input_file_ref idref="fl-3c"/>
      </object_component>
      <object_component id="oc-2a6">
         <name>.debug_frame</name>
         <load_address>0x4bc</load_address>
         <run_address>0x4bc</run_address>
         <size>0x44</size>
         <input_file_ref idref="fl-48"/>
      </object_component>
      <object_component id="oc-24f">
         <name>.debug_frame</name>
         <load_address>0x500</load_address>
         <run_address>0x500</run_address>
         <size>0x64</size>
         <input_file_ref idref="fl-49"/>
      </object_component>
      <object_component id="oc-293">
         <name>.debug_frame</name>
         <load_address>0x564</load_address>
         <run_address>0x564</run_address>
         <size>0x44</size>
         <input_file_ref idref="fl-4c"/>
      </object_component>
      <object_component id="oc-175">
         <name>.debug_abbrev</name>
         <load_address>0x0</load_address>
         <run_address>0x0</run_address>
         <size>0x5f</size>
         <input_file_ref idref="fl-2"/>
      </object_component>
      <object_component id="oc-282">
         <name>.debug_abbrev</name>
         <load_address>0x5f</load_address>
         <run_address>0x5f</run_address>
         <size>0x50</size>
         <input_file_ref idref="fl-2"/>
      </object_component>
      <object_component id="oc-22a">
         <name>.debug_abbrev</name>
         <load_address>0xaf</load_address>
         <run_address>0xaf</run_address>
         <size>0x7a</size>
         <input_file_ref idref="fl-2"/>
      </object_component>
      <object_component id="oc-141">
         <name>.debug_abbrev</name>
         <load_address>0x129</load_address>
         <run_address>0x129</run_address>
         <size>0x53</size>
         <input_file_ref idref="fl-2"/>
      </object_component>
      <object_component id="oc-1f0">
         <name>.debug_abbrev</name>
         <load_address>0x17c</load_address>
         <run_address>0x17c</run_address>
         <size>0x60</size>
         <input_file_ref idref="fl-2"/>
      </object_component>
      <object_component id="oc-cc">
         <name>.debug_abbrev</name>
         <load_address>0x1dc</load_address>
         <run_address>0x1dc</run_address>
         <size>0x1f</size>
         <input_file_ref idref="fl-2"/>
      </object_component>
      <object_component id="oc-1c6">
         <name>.debug_abbrev</name>
         <load_address>0x1fb</load_address>
         <run_address>0x1fb</run_address>
         <size>0x50</size>
         <input_file_ref idref="fl-3"/>
      </object_component>
      <object_component id="oc-186">
         <name>.debug_abbrev</name>
         <load_address>0x24b</load_address>
         <run_address>0x24b</run_address>
         <size>0x52</size>
         <input_file_ref idref="fl-3"/>
      </object_component>
      <object_component id="oc-127">
         <name>.debug_abbrev</name>
         <load_address>0x29d</load_address>
         <run_address>0x29d</run_address>
         <size>0x3a</size>
         <input_file_ref idref="fl-1e"/>
      </object_component>
      <object_component id="oc-254">
         <name>.debug_abbrev</name>
         <load_address>0x2d7</load_address>
         <run_address>0x2d7</run_address>
         <size>0x3c</size>
         <input_file_ref idref="fl-1f"/>
      </object_component>
      <object_component id="oc-13c">
         <name>.debug_abbrev</name>
         <load_address>0x313</load_address>
         <run_address>0x313</run_address>
         <size>0x28</size>
         <input_file_ref idref="fl-2c"/>
      </object_component>
      <object_component id="oc-22b">
         <name>.debug_abbrev</name>
         <load_address>0x33b</load_address>
         <run_address>0x33b</run_address>
         <size>0x3c</size>
         <input_file_ref idref="fl-2d"/>
      </object_component>
      <object_component id="oc-123">
         <name>.debug_abbrev</name>
         <load_address>0x377</load_address>
         <run_address>0x377</run_address>
         <size>0x29</size>
         <input_file_ref idref="fl-2e"/>
      </object_component>
      <object_component id="oc-159">
         <name>.debug_abbrev</name>
         <load_address>0x3a0</load_address>
         <run_address>0x3a0</run_address>
         <size>0x58</size>
         <input_file_ref idref="fl-2e"/>
      </object_component>
      <object_component id="oc-26a">
         <name>.debug_abbrev</name>
         <load_address>0x3f8</load_address>
         <run_address>0x3f8</run_address>
         <size>0xc0</size>
         <input_file_ref idref="fl-2f"/>
      </object_component>
      <object_component id="oc-209">
         <name>.debug_abbrev</name>
         <load_address>0x4b8</load_address>
         <run_address>0x4b8</run_address>
         <size>0x7e</size>
         <input_file_ref idref="fl-2f"/>
      </object_component>
      <object_component id="oc-26e">
         <name>.debug_abbrev</name>
         <load_address>0x536</load_address>
         <run_address>0x536</run_address>
         <size>0x24</size>
         <input_file_ref idref="fl-2f"/>
      </object_component>
      <object_component id="oc-27f">
         <name>.debug_abbrev</name>
         <load_address>0x55a</load_address>
         <run_address>0x55a</run_address>
         <size>0x24</size>
         <input_file_ref idref="fl-2f"/>
      </object_component>
      <object_component id="oc-217">
         <name>.debug_abbrev</name>
         <load_address>0x57e</load_address>
         <run_address>0x57e</run_address>
         <size>0x24</size>
         <input_file_ref idref="fl-2f"/>
      </object_component>
      <object_component id="oc-273">
         <name>.debug_abbrev</name>
         <load_address>0x5a2</load_address>
         <run_address>0x5a2</run_address>
         <size>0x4b</size>
         <input_file_ref idref="fl-2f"/>
      </object_component>
      <object_component id="oc-177">
         <name>.debug_abbrev</name>
         <load_address>0x5ed</load_address>
         <run_address>0x5ed</run_address>
         <size>0x37</size>
         <input_file_ref idref="fl-30"/>
      </object_component>
      <object_component id="oc-142">
         <name>.debug_abbrev</name>
         <load_address>0x624</load_address>
         <run_address>0x624</run_address>
         <size>0x6f</size>
         <input_file_ref idref="fl-30"/>
      </object_component>
      <object_component id="oc-145">
         <name>.debug_abbrev</name>
         <load_address>0x693</load_address>
         <run_address>0x693</run_address>
         <size>0x24</size>
         <input_file_ref idref="fl-30"/>
      </object_component>
      <object_component id="oc-132">
         <name>.debug_abbrev</name>
         <load_address>0x6b7</load_address>
         <run_address>0x6b7</run_address>
         <size>0x24</size>
         <input_file_ref idref="fl-30"/>
      </object_component>
      <object_component id="oc-179">
         <name>.debug_abbrev</name>
         <load_address>0x6db</load_address>
         <run_address>0x6db</run_address>
         <size>0x55</size>
         <input_file_ref idref="fl-33"/>
      </object_component>
      <object_component id="oc-269">
         <name>.debug_abbrev</name>
         <load_address>0x730</load_address>
         <run_address>0x730</run_address>
         <size>0x53</size>
         <input_file_ref idref="fl-34"/>
      </object_component>
      <object_component id="oc-28e">
         <name>.debug_abbrev</name>
         <load_address>0x783</load_address>
         <run_address>0x783</run_address>
         <size>0x4d</size>
         <input_file_ref idref="fl-37"/>
      </object_component>
      <object_component id="oc-243">
         <name>.debug_abbrev</name>
         <load_address>0x7d0</load_address>
         <run_address>0x7d0</run_address>
         <size>0x7f</size>
         <input_file_ref idref="fl-37"/>
      </object_component>
      <object_component id="oc-23a">
         <name>.debug_abbrev</name>
         <load_address>0x84f</load_address>
         <run_address>0x84f</run_address>
         <size>0x70</size>
         <input_file_ref idref="fl-37"/>
      </object_component>
      <object_component id="oc-285">
         <name>.debug_abbrev</name>
         <load_address>0x8bf</load_address>
         <run_address>0x8bf</run_address>
         <size>0x25</size>
         <input_file_ref idref="fl-38"/>
      </object_component>
      <object_component id="oc-236">
         <name>.debug_abbrev</name>
         <load_address>0x8e4</load_address>
         <run_address>0x8e4</run_address>
         <size>0x7f</size>
         <input_file_ref idref="fl-38"/>
      </object_component>
      <object_component id="oc-2ba">
         <name>.debug_abbrev</name>
         <load_address>0x963</load_address>
         <run_address>0x963</run_address>
         <size>0x35</size>
         <input_file_ref idref="fl-39"/>
      </object_component>
      <object_component id="oc-28c">
         <name>.debug_abbrev</name>
         <load_address>0x998</load_address>
         <run_address>0x998</run_address>
         <size>0x8d</size>
         <input_file_ref idref="fl-39"/>
      </object_component>
      <object_component id="oc-2a8">
         <name>.debug_abbrev</name>
         <load_address>0xa25</load_address>
         <run_address>0xa25</run_address>
         <size>0x44</size>
         <input_file_ref idref="fl-3a"/>
      </object_component>
      <object_component id="oc-250">
         <name>.debug_abbrev</name>
         <load_address>0xa69</load_address>
         <run_address>0xa69</run_address>
         <size>0x7f</size>
         <input_file_ref idref="fl-3a"/>
      </object_component>
      <object_component id="oc-2aa">
         <name>.debug_abbrev</name>
         <load_address>0xae8</load_address>
         <run_address>0xae8</run_address>
         <size>0x25</size>
         <input_file_ref idref="fl-3b"/>
      </object_component>
      <object_component id="oc-252">
         <name>.debug_abbrev</name>
         <load_address>0xb0d</load_address>
         <run_address>0xb0d</run_address>
         <size>0x7f</size>
         <input_file_ref idref="fl-3b"/>
      </object_component>
      <object_component id="oc-1f1">
         <name>.debug_abbrev</name>
         <load_address>0xb8c</load_address>
         <run_address>0xb8c</run_address>
         <size>0x45</size>
         <input_file_ref idref="fl-3c"/>
      </object_component>
      <object_component id="oc-290">
         <name>.debug_abbrev</name>
         <load_address>0xbd1</load_address>
         <run_address>0xbd1</run_address>
         <size>0x3c</size>
         <input_file_ref idref="fl-40"/>
      </object_component>
      <object_component id="oc-2b9">
         <name>.debug_abbrev</name>
         <load_address>0xc0d</load_address>
         <run_address>0xc0d</run_address>
         <size>0x3c</size>
         <input_file_ref idref="fl-41"/>
      </object_component>
      <object_component id="oc-125">
         <name>.debug_abbrev</name>
         <load_address>0xc49</load_address>
         <run_address>0xc49</run_address>
         <size>0x3c</size>
         <input_file_ref idref="fl-42"/>
      </object_component>
      <object_component id="oc-283">
         <name>.debug_abbrev</name>
         <load_address>0xc85</load_address>
         <run_address>0xc85</run_address>
         <size>0x3c</size>
         <input_file_ref idref="fl-43"/>
      </object_component>
      <object_component id="oc-126">
         <name>.debug_abbrev</name>
         <load_address>0xcc1</load_address>
         <run_address>0xcc1</run_address>
         <size>0x3c</size>
         <input_file_ref idref="fl-44"/>
      </object_component>
      <object_component id="oc-284">
         <name>.debug_abbrev</name>
         <load_address>0xcfd</load_address>
         <run_address>0xcfd</run_address>
         <size>0x3c</size>
         <input_file_ref idref="fl-45"/>
      </object_component>
      <object_component id="oc-2b1">
         <name>.debug_abbrev</name>
         <load_address>0xd39</load_address>
         <run_address>0xd39</run_address>
         <size>0x3c</size>
         <input_file_ref idref="fl-46"/>
      </object_component>
      <object_component id="oc-2c4">
         <name>.debug_abbrev</name>
         <load_address>0xd75</load_address>
         <run_address>0xd75</run_address>
         <size>0x7f</size>
         <input_file_ref idref="fl-48"/>
      </object_component>
      <object_component id="oc-2a7">
         <name>.debug_abbrev</name>
         <load_address>0xdf4</load_address>
         <run_address>0xdf4</run_address>
         <size>0x7f</size>
         <input_file_ref idref="fl-49"/>
      </object_component>
      <object_component id="oc-2c3">
         <name>.debug_abbrev</name>
         <load_address>0xe73</load_address>
         <run_address>0xe73</run_address>
         <size>0x3e</size>
         <input_file_ref idref="fl-4a"/>
      </object_component>
      <object_component id="oc-2c2">
         <name>.debug_abbrev</name>
         <load_address>0xeb1</load_address>
         <run_address>0xeb1</run_address>
         <size>0x3e</size>
         <input_file_ref idref="fl-4b"/>
      </object_component>
      <object_component id="oc-2bc">
         <name>.debug_abbrev</name>
         <load_address>0xeef</load_address>
         <run_address>0xeef</run_address>
         <size>0x7f</size>
         <input_file_ref idref="fl-4c"/>
      </object_component>
      <object_component id="oc-2c5">
         <name>.debug_abbrev</name>
         <load_address>0xf6e</load_address>
         <run_address>0xf6e</run_address>
         <size>0x3c</size>
         <input_file_ref idref="fl-4d"/>
      </object_component>
      <object_component id="oc-30a">
         <name>.debug_abbrev</name>
         <load_address>0xfaa</load_address>
         <run_address>0xfaa</run_address>
         <size>0xf</size>
      </object_component>
      <object_component id="oc-ce">
         <name>.debug_str</name>
         <load_address>0x0</load_address>
         <run_address>0x0</run_address>
         <size>0xfd</size>
         <input_file_ref idref="fl-2"/>
      </object_component>
      <object_component id="oc-270">
         <name>.debug_str</name>
         <load_address>0xfd</load_address>
         <run_address>0xfd</run_address>
         <size>0xed</size>
         <input_file_ref idref="fl-2f"/>
      </object_component>
      <object_component id="oc-281">
         <name>.debug_str</name>
         <load_address>0x1ea</load_address>
         <run_address>0x1ea</run_address>
         <size>0x14c</size>
         <input_file_ref idref="fl-2f"/>
      </object_component>
      <object_component id="oc-219">
         <name>.debug_str</name>
         <load_address>0x336</load_address>
         <run_address>0x336</run_address>
         <size>0x147</size>
         <input_file_ref idref="fl-2f"/>
      </object_component>
      <object_component id="oc-275">
         <name>.debug_str</name>
         <load_address>0x47d</load_address>
         <run_address>0x47d</run_address>
         <size>0x197</size>
         <input_file_ref idref="fl-2f"/>
      </object_component>
      <object_component id="oc-147">
         <name>.debug_str</name>
         <load_address>0x614</load_address>
         <run_address>0x614</run_address>
         <size>0x105</size>
         <input_file_ref idref="fl-30"/>
      </object_component>
      <object_component id="oc-134">
         <name>.debug_str</name>
         <load_address>0x719</load_address>
         <run_address>0x719</run_address>
         <size>0x140</size>
         <input_file_ref idref="fl-30"/>
      </object_component>
      <object_component id="oc-23c">
         <name>.debug_str</name>
         <load_address>0x859</load_address>
         <run_address>0x859</run_address>
         <size>0xf7</size>
         <input_file_ref idref="fl-37"/>
      </object_component>
      <object_component id="oc-227">
         <name>.debug_aranges</name>
         <load_address>0x0</load_address>
         <run_address>0x0</run_address>
         <size>0x20</size>
         <input_file_ref idref="fl-2"/>
      </object_component>
      <object_component id="oc-1c9">
         <name>.debug_aranges</name>
         <load_address>0x20</load_address>
         <run_address>0x20</run_address>
         <size>0x20</size>
         <input_file_ref idref="fl-2"/>
      </object_component>
      <object_component id="oc-e3">
         <name>.debug_aranges</name>
         <load_address>0x40</load_address>
         <run_address>0x40</run_address>
         <size>0x20</size>
         <input_file_ref idref="fl-2"/>
      </object_component>
      <object_component id="oc-182">
         <name>.debug_aranges</name>
         <load_address>0x60</load_address>
         <run_address>0x60</run_address>
         <size>0x20</size>
         <input_file_ref idref="fl-2"/>
      </object_component>
      <object_component id="oc-17c">
         <name>.debug_aranges</name>
         <load_address>0x80</load_address>
         <run_address>0x80</run_address>
         <size>0x20</size>
         <input_file_ref idref="fl-3"/>
      </object_component>
      <object_component id="oc-152">
         <name>.debug_aranges</name>
         <load_address>0xa0</load_address>
         <run_address>0xa0</run_address>
         <size>0x20</size>
         <input_file_ref idref="fl-3"/>
      </object_component>
      <object_component id="oc-c2">
         <name>.debug_aranges</name>
         <load_address>0xc0</load_address>
         <run_address>0xc0</run_address>
         <size>0x20</size>
         <input_file_ref idref="fl-1e"/>
      </object_component>
      <object_component id="oc-1ec">
         <name>.debug_aranges</name>
         <load_address>0xe0</load_address>
         <run_address>0xe0</run_address>
         <size>0x20</size>
         <input_file_ref idref="fl-1f"/>
      </object_component>
      <object_component id="oc-df">
         <name>.debug_aranges</name>
         <load_address>0x100</load_address>
         <run_address>0x100</run_address>
         <size>0x20</size>
         <input_file_ref idref="fl-2c"/>
      </object_component>
      <object_component id="oc-1d0">
         <name>.debug_aranges</name>
         <load_address>0x120</load_address>
         <run_address>0x120</run_address>
         <size>0x20</size>
         <input_file_ref idref="fl-2d"/>
      </object_component>
      <object_component id="oc-fb">
         <name>.debug_aranges</name>
         <load_address>0x140</load_address>
         <run_address>0x140</run_address>
         <size>0x20</size>
         <input_file_ref idref="fl-2e"/>
      </object_component>
      <object_component id="oc-195">
         <name>.debug_aranges</name>
         <load_address>0x160</load_address>
         <run_address>0x160</run_address>
         <size>0x20</size>
         <input_file_ref idref="fl-2f"/>
      </object_component>
      <object_component id="oc-eb">
         <name>.debug_aranges</name>
         <load_address>0x180</load_address>
         <run_address>0x180</run_address>
         <size>0x20</size>
         <input_file_ref idref="fl-30"/>
      </object_component>
      <object_component id="oc-14b">
         <name>.debug_aranges</name>
         <load_address>0x1a0</load_address>
         <run_address>0x1a0</run_address>
         <size>0x20</size>
         <input_file_ref idref="fl-33"/>
      </object_component>
      <object_component id="oc-205">
         <name>.debug_aranges</name>
         <load_address>0x1c0</load_address>
         <run_address>0x1c0</run_address>
         <size>0x20</size>
         <input_file_ref idref="fl-34"/>
      </object_component>
      <object_component id="oc-1db">
         <name>.debug_aranges</name>
         <load_address>0x1e0</load_address>
         <run_address>0x1e0</run_address>
         <size>0x20</size>
         <input_file_ref idref="fl-37"/>
      </object_component>
      <object_component id="oc-1d7">
         <name>.debug_aranges</name>
         <load_address>0x200</load_address>
         <run_address>0x200</run_address>
         <size>0x20</size>
         <input_file_ref idref="fl-38"/>
      </object_component>
      <object_component id="oc-241">
         <name>.debug_aranges</name>
         <load_address>0x220</load_address>
         <run_address>0x220</run_address>
         <size>0x28</size>
         <input_file_ref idref="fl-39"/>
      </object_component>
      <object_component id="oc-1e0">
         <name>.debug_aranges</name>
         <load_address>0x248</load_address>
         <run_address>0x248</run_address>
         <size>0x20</size>
         <input_file_ref idref="fl-3a"/>
      </object_component>
      <object_component id="oc-1e7">
         <name>.debug_aranges</name>
         <load_address>0x268</load_address>
         <run_address>0x268</run_address>
         <size>0x20</size>
         <input_file_ref idref="fl-3b"/>
      </object_component>
      <object_component id="oc-18a">
         <name>.debug_aranges</name>
         <load_address>0x288</load_address>
         <run_address>0x288</run_address>
         <size>0x20</size>
         <input_file_ref idref="fl-3c"/>
      </object_component>
      <object_component id="oc-248">
         <name>.debug_aranges</name>
         <load_address>0x2a8</load_address>
         <run_address>0x2a8</run_address>
         <size>0x20</size>
         <input_file_ref idref="fl-40"/>
      </object_component>
      <object_component id="oc-288">
         <name>.debug_aranges</name>
         <load_address>0x2c8</load_address>
         <run_address>0x2c8</run_address>
         <size>0x20</size>
         <input_file_ref idref="fl-41"/>
      </object_component>
      <object_component id="oc-b6">
         <name>.debug_aranges</name>
         <load_address>0x2e8</load_address>
         <run_address>0x2e8</run_address>
         <size>0x20</size>
         <input_file_ref idref="fl-42"/>
      </object_component>
      <object_component id="oc-22d">
         <name>.debug_aranges</name>
         <load_address>0x308</load_address>
         <run_address>0x308</run_address>
         <size>0x20</size>
         <input_file_ref idref="fl-43"/>
      </object_component>
      <object_component id="oc-bb">
         <name>.debug_aranges</name>
         <load_address>0x328</load_address>
         <run_address>0x328</run_address>
         <size>0x20</size>
         <input_file_ref idref="fl-44"/>
      </object_component>
      <object_component id="oc-233">
         <name>.debug_aranges</name>
         <load_address>0x348</load_address>
         <run_address>0x348</run_address>
         <size>0x20</size>
         <input_file_ref idref="fl-45"/>
      </object_component>
      <object_component id="oc-277">
         <name>.debug_aranges</name>
         <load_address>0x368</load_address>
         <run_address>0x368</run_address>
         <size>0x20</size>
         <input_file_ref idref="fl-46"/>
      </object_component>
      <object_component id="oc-2a2">
         <name>.debug_aranges</name>
         <load_address>0x388</load_address>
         <run_address>0x388</run_address>
         <size>0x20</size>
[...]
         <name>__TI_int11</name>
         <value>0xfff6</value>
         <object_component_ref idref="oc-49"/>
      </symbol>
      <symbol id="sm-11f">
         <name>__TI_int12</name>
         <value>0xfff8</value>
         <object_component_ref idref="oc-4a"/>
      </symbol>
      <symbol id="sm-122">
         <name>__TI_int13</name>
         <value>0xfffa</value>
         <object_component_ref idref="oc-4b"/>
      </symbol>
      <symbol id="sm-125">
         <name>__TI_int14</name>
         <value>0xfffc</value>
         <object_component_ref idref="oc-4c"/>
      </symbol>
      <symbol id="sm-12d">
         <name>__TI_ISR_TRAP</name>
         <value>0xd218</value>
         <object_component_ref idref="oc-dc"/>
      </symbol>
      <symbol id="sm-137">
         <name>__mspabi_mpyl_sw</name>
         <value>0xd118</value>
         <object_component_ref idref="oc-1cd"/>
      </symbol>
      <symbol id="sm-138">
         <name>__mspabi_mpyl</name>
         <value>0xd118</value>
         <object_component_ref idref="oc-1cd"/>
      </symbol>
      <symbol id="sm-148">
         <name>_stack</name>
         <value>0x3b0</value>
         <object_component_ref idref="oc-b1"/>
      </symbol>
      <symbol id="sm-149">
         <name>_c_int00_noargs</name>
         <value>0xd17e</value>
         <object_component_ref idref="oc-f9"/>
      </symbol>
      <symbol id="sm-14a">
         <name>_reset_vector</name>
         <value>0xfffe</value>
         <object_component_ref idref="oc-b4"/>
      </symbol>
      <symbol id="sm-16c">
         <name>__TI_auto_init_nobinit_nopinit</name>
         <value>0xd002</value>
         <object_component_ref idref="oc-193"/>
      </symbol>
      <symbol id="sm-184">
         <name>__TI_zero_init_nomemset</name>
         <value>0xd1ce</value>
         <object_component_ref idref="oc-e7"/>
      </symbol>
      <symbol id="sm-18f">
         <name>_system_pre_init</name>
         <value>0xd226</value>
         <object_component_ref idref="oc-14a"/>
      </symbol>
      <symbol id="sm-198">
         <name>_system_post_cinit</name>
         <value>0xd22a</value>
         <object_component_ref idref="oc-203"/>
      </symbol>
      <symbol id="sm-1c0">
         <name>__mspabi_divd</name>
         <value>0xc738</value>
         <object_component_ref idref="oc-1d8"/>
      </symbol>
      <symbol id="sm-1d7">
         <name>__mspabi_fltlid</name>
         <value>0xcd92</value>
         <object_component_ref idref="oc-1d2"/>
      </symbol>
      <symbol id="sm-1f2">
         <name>__TI_frcdivd</name>
         <value>0xc000</value>
         <object_component_ref idref="oc-23d"/>
      </symbol>
      <symbol id="sm-218">
         <name>__mspabi_mpyd</name>
         <value>0xc478</value>
         <object_component_ref idref="oc-1de"/>
      </symbol>
      <symbol id="sm-22d">
         <name>__mspabi_cvtdf</name>
         <value>0xccde</value>
         <object_component_ref idref="oc-1e4"/>
      </symbol>
      <symbol id="sm-237">
         <name>C$$EXIT</name>
         <value>0xd220</value>
         <object_component_ref idref="oc-187"/>
      </symbol>
      <symbol id="sm-238">
         <name>abort</name>
         <value>0xd220</value>
         <object_component_ref idref="oc-187"/>
      </symbol>
      <symbol id="sm-243">
         <name>__mspabi_srai</name>
         <value>0xd0c0</value>
         <object_component_ref idref="oc-245"/>
      </symbol>
      <symbol id="sm-244">
         <name>__mspabi_srai_8</name>
         <value>0xd0da</value>
         <object_component_ref idref="oc-245"/>
      </symbol>
      <symbol id="sm-245">
         <name>__mspabi_srai_9</name>
         <value>0xd0d8</value>
         <object_component_ref idref="oc-245"/>
      </symbol>
      <symbol id="sm-246">
         <name>__mspabi_srai_6</name>
         <value>0xd0de</value>
         <object_component_ref idref="oc-245"/>
      </symbol>
      <symbol id="sm-247">
         <name>__mspabi_srai_7</name>
         <value>0xd0dc</value>
         <object_component_ref idref="oc-245"/>
      </symbol>
      <symbol id="sm-248">
         <name>__mspabi_srai_4</name>
         <value>0xd0e2</value>
         <object_component_ref idref="oc-245"/>
      </symbol>
      <symbol id="sm-249">
         <name>__mspabi_srai_5</name>
         <value>0xd0e0</value>
         <object_component_ref idref="oc-245"/>
      </symbol>
      <symbol id="sm-24a">
         <name>__mspabi_srai_2</name>
         <value>0xd0e6</value>
         <object_component_ref idref="oc-245"/>
      </symbol>
      <symbol id="sm-24b">
         <name>__mspabi_srai_3</name>
         <value>0xd0e4</value>
         <object_component_ref idref="oc-245"/>
      </symbol>
      <symbol id="sm-24c">
         <name>__mspabi_srai_1</name>
         <value>0xd0e8</value>
         <object_component_ref idref="oc-245"/>
      </symbol>
      <symbol id="sm-24d">
         <name>__mspabi_srai_15</name>
         <value>0xd0cc</value>
         <object_component_ref idref="oc-245"/>
      </symbol>
      <symbol id="sm-24e">
         <name>__mspabi_srai_14</name>
         <value>0xd0ce</value>
         <object_component_ref idref="oc-245"/>
      </symbol>
      <symbol id="sm-24f">
         <name>__mspabi_srai_13</name>
         <value>0xd0d0</value>
         <object_component_ref idref="oc-245"/>
      </symbol>
      <symbol id="sm-250">
         <name>__mspabi_srai_12</name>
         <value>0xd0d2</value>
         <object_component_ref idref="oc-245"/>
      </symbol>
      <symbol id="sm-251">
         <name>__mspabi_srai_11</name>
         <value>0xd0d4</value>
         <object_component_ref idref="oc-245"/>
      </symbol>
      <symbol id="sm-252">
         <name>__mspabi_srai_10</name>
         <value>0xd0d6</value>
         <object_component_ref idref="oc-245"/>
      </symbol>
      <symbol id="sm-25a">
         <name>__mspabi_sral_15</name>
         <value>0xd044</value>
         <object_component_ref idref="oc-287"/>
      </symbol>
      <symbol id="sm-25b">
         <name>__mspabi_sral_14</name>
         <value>0xd048</value>
         <object_component_ref idref="oc-287"/>
      </symbol>
      <symbol id="sm-25c">
         <name>__mspabi_sral_13</name>
         <value>0xd04c</value>
         <object_component_ref idref="oc-287"/>
      </symbol>
      <symbol id="sm-25d">
         <name>__mspabi_sral_12</name>
         <value>0xd050</value>
         <object_component_ref idref="oc-287"/>
      </symbol>
      <symbol id="sm-25e">
         <name>__mspabi_sral_11</name>
         <value>0xd054</value>
         <object_component_ref idref="oc-287"/>
      </symbol>
      <symbol id="sm-25f">
         <name>__mspabi_sral_10</name>
         <value>0xd058</value>
         <object_component_ref idref="oc-287"/>
      </symbol>
      <symbol id="sm-260">
         <name>__mspabi_sral_8</name>
         <value>0xd060</value>
         <object_component_ref idref="oc-287"/>
      </symbol>
      <symbol id="sm-261">
         <name>__mspabi_sral_9</name>
         <value>0xd05c</value>
         <object_component_ref idref="oc-287"/>
      </symbol>
      <symbol id="sm-262">
         <name>__mspabi_sral_6</name>
         <value>0xd068</value>
         <object_component_ref idref="oc-287"/>
      </symbol>
      <symbol id="sm-263">
         <name>__mspabi_sral_7</name>
         <value>0xd064</value>
         <object_component_ref idref="oc-287"/>
      </symbol>
      <symbol id="sm-264">
         <name>__mspabi_sral_4</name>
         <value>0xd070</value>
         <object_component_ref idref="oc-287"/>
      </symbol>
      <symbol id="sm-265">
         <name>__mspabi_sral_5</name>
         <value>0xd06c</value>
         <object_component_ref idref="oc-287"/>
      </symbol>
      <symbol id="sm-266">
         <name>__mspabi_sral_2</name>
         <value>0xd078</value>
         <object_component_ref idref="oc-287"/>
      </symbol>
      <symbol id="sm-267">
         <name>__mspabi_sral_3</name>
         <value>0xd074</value>
         <object_component_ref idref="oc-287"/>
      </symbol>
      <symbol id="sm-268">
         <name>__mspabi_sral_1</name>
         <value>0xd07c</value>
         <object_component_ref idref="oc-287"/>
      </symbol>
      <symbol id="sm-270">
         <name>__mspabi_slli</name>
         <value>0xd0ec</value>
         <object_component_ref idref="oc-b5"/>
      </symbol>
      <symbol id="sm-271">
         <name>__mspabi_slli_9</name>
         <value>0xd104</value>
         <object_component_ref idref="oc-b5"/>
      </symbol>
      <symbol id="sm-272">
         <name>__mspabi_slli_8</name>
         <value>0xd106</value>
         <object_component_ref idref="oc-b5"/>
      </symbol>
      <symbol id="sm-273">
         <name>__mspabi_slli_7</name>
         <value>0xd108</value>
         <object_component_ref idref="oc-b5"/>
      </symbol>
      <symbol id="sm-274">
         <name>__mspabi_slli_6</name>
         <value>0xd10a</value>
         <object_component_ref idref="oc-b5"/>
      </symbol>
      <symbol id="sm-275">
         <name>__mspabi_slli_5</name>
         <value>0xd10c</value>
         <object_component_ref idref="oc-b5"/>
      </symbol>
      <symbol id="sm-276">
         <name>__mspabi_slli_4</name>
         <value>0xd10e</value>
         <object_component_ref idref="oc-b5"/>
      </symbol>
      <symbol id="sm-277">
         <name>__mspabi_slli_3</name>
         <value>0xd110</value>
         <object_component_ref idref="oc-b5"/>
      </symbol>
      <symbol id="sm-278">
         <name>__mspabi_slli_2</name>
         <value>0xd112</value>
         <object_component_ref idref="oc-b5"/>
      </symbol>
      <symbol id="sm-279">
         <name>__mspabi_slli_1</name>
         <value>0xd114</value>
         <object_component_ref idref="oc-b5"/>
      </symbol>
      <symbol id="sm-27a">
         <name>__mspabi_slli_15</name>
         <value>0xd0f8</value>
         <object_component_ref idref="oc-b5"/>
      </symbol>
      <symbol id="sm-27b">
         <name>__mspabi_slli_14</name>
         <value>0xd0fa</value>
         <object_component_ref idref="oc-b5"/>
      </symbol>
      <symbol id="sm-27c">
         <name>__mspabi_slli_13</name>
         <value>0xd0fc</value>
         <object_component_ref idref="oc-b5"/>
      </symbol>
      <symbol id="sm-27d">
         <name>__mspabi_slli_12</name>
         <value>0xd0fe</value>
         <object_component_ref idref="oc-b5"/>
      </symbol>
      <symbol id="sm-27e">
         <name>__mspabi_slli_11</name>
         <value>0xd100</value>
         <object_component_ref idref="oc-b5"/>
      </symbol>
      <symbol id="sm-27f">
         <name>__mspabi_slli_10</name>
         <value>0xd102</value>
         <object_component_ref idref="oc-b5"/>
      </symbol>
      <symbol id="sm-287">
         <name>__mspabi_slll_9</name>
         <value>0xd09a</value>
         <object_component_ref idref="oc-22c"/>
      </symbol>
      <symbol id="sm-288">
         <name>__mspabi_slll_8</name>
         <value>0xd09e</value>
         <object_component_ref idref="oc-22c"/>
      </symbol>
      <symbol id="sm-289">
         <name>__mspabi_slll_7</name>
         <value>0xd0a2</value>
         <object_component_ref idref="oc-22c"/>
      </symbol>
      <symbol id="sm-28a">
         <name>__mspabi_slll_6</name>
         <value>0xd0a6</value>
         <object_component_ref idref="oc-22c"/>
      </symbol>
      <symbol id="sm-28b">
         <name>__mspabi_slll_5</name>
         <value>0xd0aa</value>
         <object_component_ref idref="oc-22c"/>
      </symbol>
      <symbol id="sm-28c">
         <name>__mspabi_slll_4</name>
         <value>0xd0ae</value>
         <object_component_ref idref="oc-22c"/>
      </symbol>
      <symbol id="sm-28d">
         <name>__mspabi_slll_3</name>
         <value>0xd0b2</value>
         <object_component_ref idref="oc-22c"/>
      </symbol>
      <symbol id="sm-28e">
         <name>__mspabi_slll_2</name>
         <value>0xd0b6</value>
         <object_component_ref idref="oc-22c"/>
      </symbol>
      <symbol id="sm-28f">
         <name>__mspabi_slll_1</name>
         <value>0xd0ba</value>
         <object_component_ref idref="oc-22c"/>
      </symbol>
      <symbol id="sm-290">
         <name>__mspabi_slll_15</name>
         <value>0xd082</value>
         <object_component_ref idref="oc-22c"/>
      </symbol>
      <symbol id="sm-291">
         <name>__mspabi_slll_14</name>
         <value>0xd086</value>
         <object_component_ref idref="oc-22c"/>
      </symbol>
      <symbol id="sm-292">
         <name>__mspabi_slll_13</name>
         <value>0xd08a</value>
         <object_component_ref idref="oc-22c"/>
      </symbol>
      <symbol id="sm-293">
         <name>__mspabi_slll_12</name>
         <value>0xd08e</value>
         <object_component_ref idref="oc-22c"/>
      </symbol>
      <symbol id="sm-294">
         <name>__mspabi_slll_11</name>
         <value>0xd092</value>
         <object_component_ref idref="oc-22c"/>
      </symbol>
      <symbol id="sm-295">
         <name>__mspabi_slll_10</name>
         <value>0xd096</value>
         <object_component_ref idref="oc-22c"/>
      </symbol>
      <symbol id="sm-29d">
         <name>__mspabi_srli_8</name>
         <value>0xcec4</value>
         <object_component_ref idref="oc-ba"/>
      </symbol>
      <symbol id="sm-29e">
         <name>__mspabi_srli_9</name>
         <value>0xcec0</value>
         <object_component_ref idref="oc-ba"/>
      </symbol>
      <symbol id="sm-29f">
         <name>__mspabi_srli_6</name>
         <value>0xcecc</value>
         <object_component_ref idref="oc-ba"/>
      </symbol>
      <symbol id="sm-2a0">
         <name>__mspabi_srli_7</name>
         <value>0xcec8</value>
         <object_component_ref idref="oc-ba"/>
      </symbol>
      <symbol id="sm-2a1">
         <name>__mspabi_srli_4</name>
         <value>0xced4</value>
         <object_component_ref idref="oc-ba"/>
      </symbol>
      <symbol id="sm-2a2">
         <name>__mspabi_srli_5</name>
         <value>0xced0</value>
         <object_component_ref idref="oc-ba"/>
      </symbol>
      <symbol id="sm-2a3">
         <name>__mspabi_srli_2</name>
         <value>0xcedc</value>
         <object_component_ref idref="oc-ba"/>
      </symbol>
      <symbol id="sm-2a4">
         <name>__mspabi_srli_3</name>
         <value>0xced8</value>
         <object_component_ref idref="oc-ba"/>
      </symbol>
      <symbol id="sm-2a5">
         <name>__mspabi_srli_1</name>
         <value>0xcee0</value>
         <object_component_ref idref="oc-ba"/>
      </symbol>
      <symbol id="sm-2a6">
         <name>__mspabi_srli</name>
         <value>0xce9a</value>
         <object_component_ref idref="oc-ba"/>
      </symbol>
      <symbol id="sm-2a7">
         <name>__mspabi_srli_15</name>
         <value>0xcea8</value>
         <object_component_ref idref="oc-ba"/>
      </symbol>
      <symbol id="sm-2a8">
         <name>__mspabi_srli_14</name>
         <value>0xceac</value>
         <object_component_ref idref="oc-ba"/>
      </symbol>
      <symbol id="sm-2a9">
         <name>__mspabi_srli_13</name>
         <value>0xceb0</value>
         <object_component_ref idref="oc-ba"/>
      </symbol>
      <symbol id="sm-2aa">
         <name>__mspabi_srli_12</name>
         <value>0xceb4</value>
         <object_component_ref idref="oc-ba"/>
      </symbol>
      <symbol id="sm-2ab">
         <name>__mspabi_srli_11</name>
         <value>0xceb8</value>
         <object_component_ref idref="oc-ba"/>
      </symbol>
      <symbol id="sm-2ac">
         <name>__mspabi_srli_10</name>
         <value>0xcebc</value>
         <object_component_ref idref="oc-ba"/>
      </symbol>
      <symbol id="sm-2b4">
         <name>__mspabi_srll_8</name>
         <value>0xce68</value>
         <object_component_ref idref="oc-231"/>
      </symbol>
      <symbol id="sm-2b5">
         <name>__mspabi_srll_9</name>
         <value>0xce62</value>
         <object_component_ref idref="oc-231"/>
      </symbol>
      <symbol id="sm-2b6">
         <name>__mspabi_srll_6</name>
         <value>0xce74</value>
         <object_component_ref idref="oc-231"/>
      </symbol>
      <symbol id="sm-2b7">
         <name>__mspabi_srll_7</name>
         <value>0xce6e</value>
         <object_component_ref idref="oc-231"/>
      </symbol>
      <symbol id="sm-2b8">
         <name>__mspabi_srll_4</name>
         <value>0xce80</value>
         <object_component_ref idref="oc-231"/>
      </symbol>
      <symbol id="sm-2b9">
         <name>__mspabi_srll_5</name>
         <value>0xce7a</value>
         <object_component_ref idref="oc-231"/>
      </symbol>
      <symbol id="sm-2ba">
         <name>__mspabi_srll_2</name>
         <value>0xce8c</value>
         <object_component_ref idref="oc-231"/>
      </symbol>
      <symbol id="sm-2bb">
         <name>__mspabi_srll_3</name>
         <value>0xce86</value>
         <object_component_ref idref="oc-231"/>
      </symbol>
      <symbol id="sm-2bc">
         <name>__mspabi_srll_1</name>
         <value>0xce92</value>
         <object_component_ref idref="oc-231"/>
      </symbol>
      <symbol id="sm-2bd">
         <name>__mspabi_srll_15</name>
         <value>0xce3e</value>
         <object_component_ref idref="oc-231"/>
      </symbol>
      <symbol id="sm-2be">
         <name>__mspabi_srll_14</name>
         <value>0xce44</value>
         <object_component_ref idref="oc-231"/>
      </symbol>
      <symbol id="sm-2bf">
         <name>__mspabi_srll_13</name>
         <value>0xce4a</value>
         <object_component_ref idref="oc-231"/>
      </symbol>
      <symbol id="sm-2c0">
         <name>__mspabi_srll_12</name>
         <value>0xce50</value>
         <object_component_ref idref="oc-231"/>
      </symbol>
      <symbol id="sm-2c1">
         <name>__mspabi_srll_11</name>
         <value>0xce56</value>
         <object_component_ref idref="oc-231"/>
      </symbol>
      <symbol id="sm-2c2">
         <name>__mspabi_srll_10</name>
         <value>0xce5c</value>
         <object_component_ref idref="oc-231"/>
      </symbol>
      <symbol id="sm-2cc">
         <name>__mspabi_mpyi_sw</name>
         <value>0xd1e2</value>
         <object_component_ref idref="oc-276"/>
      </symbol>
      <symbol id="sm-2cd">
         <name>__mspabi_mpyi</name>
         <value>0xd1e2</value>
         <object_component_ref idref="oc-276"/>
      </symbol>
      <symbol id="sm-2db">
         <name>__mspabi_srlll</name>
         <value>0xcf78</value>
         <object_component_ref idref="oc-2a1"/>
      </symbol>
      <symbol id="sm-2e6">
         <name>__TI_frcmpyd</name>
         <value>0xc970</value>
         <object_component_ref idref="oc-24a"/>
      </symbol>
      <symbol id="sm-2ee">
         <name>__mspabi_mpyull_sw</name>
         <value>0xd160</value>
         <object_component_ref idref="oc-29c"/>
      </symbol>
      <symbol id="sm-2ef">
         <name>__mspabi_mpyull</name>
         <value>0xd160</value>
         <object_component_ref idref="oc-29c"/>
      </symbol>
      <symbol id="sm-2f7">
         <name>__mspabi_mpyll</name>
         <value>0xcae2</value>
         <object_component_ref idref="oc-297"/>
      </symbol>
      <symbol id="sm-2f8">
         <name>__mspabi_mpyll_sw</name>
         <value>0xcae2</value>
         <object_component_ref idref="oc-297"/>
      </symbol>
      <symbol id="sm-305">
         <name>__mspabi_sllll</name>
         <value>0xcfbe</value>
         <object_component_ref idref="oc-291"/>
      </symbol>
      <symbol id="sm-310">
         <name>__mspabi_mpyul_sw</name>
         <value>0xd13e</value>
         <object_component_ref idref="oc-2bd"/>
      </symbol>
      <symbol id="sm-311">
         <name>__mspabi_mpyul</name>
         <value>0xd13e</value>
         <object_component_ref idref="oc-2bd"/>
      </symbol>
   </symbol_table>
   <title>Link successful</title>
</link_info>
